[2023-01-02T14:53:31.078+0000][0.006s] Heap region size: 1M
[2023-01-02T14:53:31.224+0000][0.152s] Using G1
[2023-01-02T14:53:31.224+0000][0.152s] Heap address: 0x00000000e0000000, size: 512 MB, Compressed Oops mode: 32-bit
[2023-01-02T14:53:31.224+0000][0.152s] Mark closed archive regions in map: [0x00000000ffe00000, 0x00000000ffe65ff8]
[2023-01-02T14:53:31.224+0000][0.152s] Mark open archive regions in map: [0x00000000ffc00000, 0x00000000ffc41ff8]
[2023-01-02T14:53:31.905+0000][0.833s] GC(0) Pause Young (Normal) (G1 Evacuation Pause)
[2023-01-02T14:53:31.907+0000][0.835s] GC(0) Using 10 workers of 10 for evacuation
[2023-01-02T14:53:31.915+0000][0.843s] GC(0)   Pre Evacuate Collection Set: 0.0ms
[2023-01-02T14:53:31.915+0000][0.843s] GC(0)   Evacuate Collection Set: 6.6ms
[2023-01-02T14:53:31.915+0000][0.843s] GC(0)   Post Evacuate Collection Set: 1.1ms
[2023-01-02T14:53:31.915+0000][0.843s] GC(0)   Other: 2.2ms
[2023-01-02T14:53:31.915+0000][0.843s] GC(0) Eden regions: 30->0(303)
[2023-01-02T14:53:31.915+0000][0.843s] GC(0) Survivor regions: 0->4(4)
[2023-01-02T14:53:31.915+0000][0.843s] GC(0) Old regions: 2->2
[2023-01-02T14:53:31.915+0000][0.843s] GC(0) Humongous regions: 0->0
[2023-01-02T14:53:31.915+0000][0.843s] GC(0) Metaspace: 9164K(9856K)->9164K(9856K) NonClass: 8029K(8448K)->8029K(8448K) Class: 1134K(1408K)->1134K(1408K)
[2023-01-02T14:53:31.915+0000][0.843s] GC(0) Pause Young (Normal) (G1 Evacuation Pause) 30M->4M(512M) 9.949ms
[2023-01-02T14:53:31.915+0000][0.843s] GC(0) User=0.07s Sys=0.02s Real=0.01s
[2023-01-02T14:53:32.919+0000][1.848s] GC(1) Pause Young (Concurrent Start) (Metadata GC Threshold)
[2023-01-02T14:53:32.919+0000][1.848s] GC(1) Using 10 workers of 10 for evacuation
[2023-01-02T14:53:32.931+0000][1.859s] GC(1)   Pre Evacuate Collection Set: 0.1ms
[2023-01-02T14:53:32.931+0000][1.859s] GC(1)   Evacuate Collection Set: 9.9ms
[2023-01-02T14:53:32.931+0000][1.859s] GC(1)   Post Evacuate Collection Set: 1.2ms
[2023-01-02T14:53:32.931+0000][1.859s] GC(1)   Other: 0.4ms
[2023-01-02T14:53:32.931+0000][1.859s] GC(1) Eden regions: 86->0(80)
[2023-01-02T14:53:32.931+0000][1.859s] GC(1) Survivor regions: 4->19(39)
[2023-01-02T14:53:32.931+0000][1.859s] GC(1) Old regions: 2->2
[2023-01-02T14:53:32.931+0000][1.859s] GC(1) Humongous regions: 4->4
[2023-01-02T14:53:32.931+0000][1.859s] GC(1) Metaspace: 20312K(21248K)->20312K(21248K) NonClass: 17902K(18432K)->17902K(18432K) Class: 2410K(2816K)->2410K(2816K)
[2023-01-02T14:53:32.931+0000][1.859s] GC(1) Pause Young (Concurrent Start) (Metadata GC Threshold) 93M->23M(512M) 11.641ms
[2023-01-02T14:53:32.931+0000][1.859s] GC(1) User=0.07s Sys=0.00s Real=0.01s
[2023-01-02T14:53:32.931+0000][1.859s] GC(2) Concurrent Cycle
[2023-01-02T14:53:32.931+0000][1.859s] GC(2) Concurrent Clear Claimed Marks
[2023-01-02T14:53:32.931+0000][1.859s] GC(2) Concurrent Clear Claimed Marks 0.127ms
[2023-01-02T14:53:32.931+0000][1.859s] GC(2) Concurrent Scan Root Regions
[2023-01-02T14:53:32.934+0000][1.862s] GC(2) Concurrent Scan Root Regions 2.902ms
[2023-01-02T14:53:32.934+0000][1.862s] GC(2) Concurrent Mark (1.862s)
[2023-01-02T14:53:32.934+0000][1.862s] GC(2) Concurrent Mark From Roots
[2023-01-02T14:53:32.934+0000][1.862s] GC(2) Using 3 workers of 3 for marking
[2023-01-02T14:53:32.947+0000][1.875s] GC(2) Concurrent Mark From Roots 12.436ms
[2023-01-02T14:53:32.947+0000][1.875s] GC(2) Concurrent Preclean
[2023-01-02T14:53:32.947+0000][1.875s] GC(2) Concurrent Preclean 0.093ms
[2023-01-02T14:53:32.947+0000][1.875s] GC(2) Concurrent Mark (1.862s, 1.875s) 12.669ms
[2023-01-02T14:53:32.947+0000][1.875s] GC(2) Pause Remark
[2023-01-02T14:53:32.949+0000][1.878s] GC(2) Cleaned string and symbol table, strings: 8842 processed, 0 removed, symbols: 60075 processed, 40 removed
[2023-01-02T14:53:32.950+0000][1.878s] GC(2) Pause Remark 24M->24M(512M) 2.553ms
[2023-01-02T14:53:32.950+0000][1.878s] GC(2) User=0.02s Sys=0.00s Real=0.00s
[2023-01-02T14:53:32.950+0000][1.878s] GC(2) Concurrent Rebuild Remembered Sets
[2023-01-02T14:53:32.951+0000][1.880s] GC(2) Concurrent Rebuild Remembered Sets 1.383ms
[2023-01-02T14:53:32.952+0000][1.880s] GC(2) Pause Cleanup
[2023-01-02T14:53:32.952+0000][1.880s] GC(2) Pause Cleanup 24M->24M(512M) 0.346ms
[2023-01-02T14:53:32.952+0000][1.880s] GC(2) User=0.00s Sys=0.00s Real=0.00s
[2023-01-02T14:53:32.952+0000][1.881s] GC(2) Concurrent Cleanup for Next Mark
[2023-01-02T14:53:32.953+0000][1.881s] GC(2) Concurrent Cleanup for Next Mark 0.631ms
[2023-01-02T14:53:32.953+0000][1.881s] GC(2) Concurrent Cycle 22.105ms
[2023-01-02T14:53:33.856+0000][2.784s] GC(3) Pause Young (Normal) (G1 Evacuation Pause)
[2023-01-02T14:53:33.856+0000][2.784s] GC(3) Using 10 workers of 10 for evacuation
[2023-01-02T14:53:33.867+0000][2.795s] GC(3)   Pre Evacuate Collection Set: 0.0ms
[2023-01-02T14:53:33.867+0000][2.795s] GC(3)   Evacuate Collection Set: 9.2ms
[2023-01-02T14:53:33.867+0000][2.795s] GC(3)   Post Evacuate Collection Set: 1.1ms
[2023-01-02T14:53:33.867+0000][2.795s] GC(3)   Other: 0.2ms
[2023-01-02T14:53:33.867+0000][2.795s] GC(3) Eden regions: 74->0(105)
[2023-01-02T14:53:33.867+0000][2.795s] GC(3) Survivor regions: 19->5(12)
[2023-01-02T14:53:33.867+0000][2.795s] GC(3) Old regions: 2->21
[2023-01-02T14:53:33.867+0000][2.795s] GC(3) Humongous regions: 4->4
[2023-01-02T14:53:33.867+0000][2.795s] GC(3) Metaspace: 29140K(30208K)->29140K(30208K) NonClass: 25651K(26368K)->25651K(26368K) Class: 3488K(3840K)->3488K(3840K)
[2023-01-02T14:53:33.867+0000][2.795s] GC(3) Pause Young (Normal) (G1 Evacuation Pause) 97M->27M(512M) 10.607ms
[2023-01-02T14:53:33.867+0000][2.795s] GC(3) User=0.07s Sys=0.02s Real=0.02s
[2023-01-02T14:53:34.484+0000][3.412s] GC(4) Pause Young (Concurrent Start) (Metadata GC Threshold)
[2023-01-02T14:53:34.484+0000][3.412s] GC(4) Using 10 workers of 10 for evacuation
[2023-01-02T14:53:34.489+0000][3.417s] GC(4)   Pre Evacuate Collection Set: 0.1ms
[2023-01-02T14:53:34.489+0000][3.417s] GC(4)   Evacuate Collection Set: 3.5ms
[2023-01-02T14:53:34.489+0000][3.417s] GC(4)   Post Evacuate Collection Set: 0.9ms
[2023-01-02T14:53:34.489+0000][3.417s] GC(4)   Other: 0.2ms
[2023-01-02T14:53:34.489+0000][3.417s] GC(4) Eden regions: 66->0(130)
[2023-01-02T14:53:34.489+0000][3.417s] GC(4) Survivor regions: 5->8(14)
[2023-01-02T14:53:34.489+0000][3.417s] GC(4) Old regions: 21->21
[2023-01-02T14:53:34.489+0000][3.417s] GC(4) Humongous regions: 5->4
[2023-01-02T14:53:34.489+0000][3.417s] GC(4) Metaspace: 34774K(35840K)->34774K(35840K) NonClass: 30556K(31232K)->30556K(31232K) Class: 4217K(4608K)->4217K(4608K)
[2023-01-02T14:53:34.489+0000][3.417s] GC(4) Pause Young (Concurrent Start) (Metadata GC Threshold) 93M->30M(512M) 4.865ms
[2023-01-02T14:53:34.489+0000][3.417s] GC(4) User=0.02s Sys=0.02s Real=0.01s
[2023-01-02T14:53:34.489+0000][3.417s] GC(5) Concurrent Cycle
[2023-01-02T14:53:34.489+0000][3.417s] GC(5) Concurrent Clear Claimed Marks
[2023-01-02T14:53:34.489+0000][3.417s] GC(5) Concurrent Clear Claimed Marks 0.095ms
[2023-01-02T14:53:34.489+0000][3.417s] GC(5) Concurrent Scan Root Regions
[2023-01-02T14:53:34.491+0000][3.419s] GC(5) Concurrent Scan Root Regions 1.982ms
[2023-01-02T14:53:34.491+0000][3.420s] GC(5) Concurrent Mark (3.420s)
[2023-01-02T14:53:34.491+0000][3.420s] GC(5) Concurrent Mark From Roots
[2023-01-02T14:53:34.491+0000][3.420s] GC(5) Using 3 workers of 3 for marking
[2023-01-02T14:53:34.500+0000][3.429s] GC(5) Concurrent Mark From Roots 9.008ms
[2023-01-02T14:53:34.500+0000][3.429s] GC(5) Concurrent Preclean
[2023-01-02T14:53:34.501+0000][3.429s] GC(5) Concurrent Preclean 0.116ms
[2023-01-02T14:53:34.501+0000][3.429s] GC(5) Concurrent Mark (3.420s, 3.429s) 9.216ms
[2023-01-02T14:53:34.501+0000][3.429s] GC(5) Pause Remark
[2023-01-02T14:53:34.504+0000][3.432s] GC(5) Cleaned string and symbol table, strings: 15390 processed, 27 removed, symbols: 103396 processed, 72 removed
[2023-01-02T14:53:34.505+0000][3.433s] GC(5) Pause Remark 31M->31M(512M) 3.749ms
[2023-01-02T14:53:34.505+0000][3.433s] GC(5) User=0.02s Sys=0.00s Real=0.00s
[2023-01-02T14:53:34.505+0000][3.433s] GC(5) Concurrent Rebuild Remembered Sets
[2023-01-02T14:53:34.510+0000][3.438s] GC(5) Concurrent Rebuild Remembered Sets 4.597ms
[2023-01-02T14:53:34.510+0000][3.438s] GC(5) Pause Cleanup
[2023-01-02T14:53:34.510+0000][3.438s] GC(5) Pause Cleanup 32M->32M(512M) 0.263ms
[2023-01-02T14:53:34.510+0000][3.438s] GC(5) User=0.00s Sys=0.00s Real=0.00s
[2023-01-02T14:53:34.510+0000][3.438s] GC(5) Concurrent Cleanup for Next Mark
[2023-01-02T14:53:34.511+0000][3.439s] GC(5) Concurrent Cleanup for Next Mark 0.902ms
[2023-01-02T14:53:34.511+0000][3.439s] GC(5) Concurrent Cycle 22.170ms
[2023-01-02T14:53:35.548+0000][4.476s] GC(6) Pause Young (Normal) (G1 Evacuation Pause)
[2023-01-02T14:53:35.548+0000][4.477s] GC(6) Using 10 workers of 10 for evacuation
[2023-01-02T14:53:35.555+0000][4.483s] GC(6)   Pre Evacuate Collection Set: 0.1ms
[2023-01-02T14:53:35.555+0000][4.483s] GC(6)   Evacuate Collection Set: 5.6ms
[2023-01-02T14:53:35.555+0000][4.483s] GC(6)   Post Evacuate Collection Set: 1.0ms
[2023-01-02T14:53:35.555+0000][4.483s] GC(6)   Other: 0.3ms
[2023-01-02T14:53:35.555+0000][4.483s] GC(6) Eden regions: 136->0(294)
[2023-01-02T14:53:35.555+0000][4.483s] GC(6) Survivor regions: 8->13(18)
[2023-01-02T14:53:35.555+0000][4.484s] GC(6) Old regions: 21->21
[2023-01-02T14:53:35.555+0000][4.484s] GC(6) Humongous regions: 4->4
[2023-01-02T14:53:35.555+0000][4.484s] GC(6) Metaspace: 42303K(43724K)->42303K(43724K) NonClass: 37207K(38092K)->37207K(38092K) Class: 5096K(5632K)->5096K(5632K)
[2023-01-02T14:53:35.555+0000][4.484s] GC(6) Pause Young (Normal) (G1 Evacuation Pause) 166M->35M(512M) 7.034ms
[2023-01-02T14:53:35.555+0000][4.484s] GC(6) User=0.06s Sys=0.01s Real=0.00s
[2023-01-02T15:15:08.179+0000][1297.108s] Heap
[2023-01-02T15:15:08.179+0000][1297.108s]  garbage-first heap   total 524288K, used 298482K [0x00000000e0000000, 0x0000000100000000)
[2023-01-02T15:15:08.179+0000][1297.108s]   region size 1024K, 271 young (277504K), 13 survivors (13312K)
[2023-01-02T15:15:08.179+0000][1297.108s]  Metaspace       used 58184K, capacity 59699K, committed 59852K, reserved 1101824K
[2023-01-02T15:15:08.179+0000][1297.108s]   class space    used 6815K, capacity 7423K, committed 7424K, reserved 1048576K
