[2023-01-02T14:12:08.744+0000][0.006s] Heap region size: 1M
[2023-01-02T14:12:08.937+0000][0.199s] Using G1
[2023-01-02T14:12:08.937+0000][0.199s] Heap address: 0x00000000e0000000, size: 512 MB, Compressed Oops mode: 32-bit
[2023-01-02T14:12:08.937+0000][0.199s] Mark closed archive regions in map: [0x00000000ffe00000, 0x00000000ffe65ff8]
[2023-01-02T14:12:08.937+0000][0.199s] Mark open archive regions in map: [0x00000000ffc00000, 0x00000000ffc41ff8]
[2023-01-02T14:12:09.613+0000][0.875s] GC(0) Pause Young (Normal) (G1 Evacuation Pause)
[2023-01-02T14:12:09.616+0000][0.878s] GC(0) Using 10 workers of 10 for evacuation
[2023-01-02T14:12:09.622+0000][0.884s] GC(0)   Pre Evacuate Collection Set: 0.0ms
[2023-01-02T14:12:09.622+0000][0.884s] GC(0)   Evacuate Collection Set: 5.5ms
[2023-01-02T14:12:09.622+0000][0.884s] GC(0)   Post Evacuate Collection Set: 0.9ms
[2023-01-02T14:12:09.622+0000][0.884s] GC(0)   Other: 2.5ms
[2023-01-02T14:12:09.622+0000][0.884s] GC(0) Eden regions: 30->0(303)
[2023-01-02T14:12:09.622+0000][0.884s] GC(0) Survivor regions: 0->4(4)
[2023-01-02T14:12:09.622+0000][0.884s] GC(0) Old regions: 2->2
[2023-01-02T14:12:09.622+0000][0.884s] GC(0) Humongous regions: 0->0
[2023-01-02T14:12:09.622+0000][0.884s] GC(0) Metaspace: 9158K(9856K)->9158K(9856K) NonClass: 8023K(8448K)->8023K(8448K) Class: 1134K(1408K)->1134K(1408K)
[2023-01-02T14:12:09.622+0000][0.884s] GC(0) Pause Young (Normal) (G1 Evacuation Pause) 30M->4M(512M) 8.943ms
[2023-01-02T14:12:09.622+0000][0.884s] GC(0) User=0.06s Sys=0.01s Real=0.01s
[2023-01-02T14:12:10.495+0000][1.757s] GC(1) Pause Young (Concurrent Start) (Metadata GC Threshold)
[2023-01-02T14:12:10.495+0000][1.757s] GC(1) Using 10 workers of 10 for evacuation
[2023-01-02T14:12:10.506+0000][1.768s] GC(1)   Pre Evacuate Collection Set: 0.1ms
[2023-01-02T14:12:10.506+0000][1.768s] GC(1)   Evacuate Collection Set: 9.3ms
[2023-01-02T14:12:10.506+0000][1.768s] GC(1)   Post Evacuate Collection Set: 1.3ms
[2023-01-02T14:12:10.506+0000][1.768s] GC(1)   Other: 0.4ms
[2023-01-02T14:12:10.506+0000][1.768s] GC(1) Eden regions: 87->0(84)
[2023-01-02T14:12:10.506+0000][1.768s] GC(1) Survivor regions: 4->20(39)
[2023-01-02T14:12:10.506+0000][1.768s] GC(1) Old regions: 2->2
[2023-01-02T14:12:10.506+0000][1.768s] GC(1) Humongous regions: 4->4
[2023-01-02T14:12:10.506+0000][1.768s] GC(1) Metaspace: 20456K(21248K)->20456K(21248K) NonClass: 18029K(18432K)->18029K(18432K) Class: 2427K(2816K)->2427K(2816K)
[2023-01-02T14:12:10.506+0000][1.768s] GC(1) Pause Young (Concurrent Start) (Metadata GC Threshold) 94M->23M(512M) 11.129ms
[2023-01-02T14:12:10.506+0000][1.768s] GC(1) User=0.06s Sys=0.01s Real=0.01s
[2023-01-02T14:12:10.506+0000][1.768s] GC(2) Concurrent Cycle
[2023-01-02T14:12:10.506+0000][1.768s] GC(2) Concurrent Clear Claimed Marks
[2023-01-02T14:12:10.506+0000][1.768s] GC(2) Concurrent Clear Claimed Marks 0.088ms
[2023-01-02T14:12:10.506+0000][1.768s] GC(2) Concurrent Scan Root Regions
[2023-01-02T14:12:10.509+0000][1.771s] GC(2) Concurrent Scan Root Regions 2.883ms
[2023-01-02T14:12:10.509+0000][1.771s] GC(2) Concurrent Mark (1.771s)
[2023-01-02T14:12:10.509+0000][1.771s] GC(2) Concurrent Mark From Roots
[2023-01-02T14:12:10.509+0000][1.771s] GC(2) Using 3 workers of 3 for marking
[2023-01-02T14:12:10.517+0000][1.779s] GC(2) Concurrent Mark From Roots 7.357ms
[2023-01-02T14:12:10.517+0000][1.779s] GC(2) Concurrent Preclean
[2023-01-02T14:12:10.517+0000][1.779s] GC(2) Concurrent Preclean 0.097ms
[2023-01-02T14:12:10.517+0000][1.779s] GC(2) Concurrent Mark (1.771s, 1.779s) 7.568ms
[2023-01-02T14:12:10.518+0000][1.780s] GC(2) Pause Remark
[2023-01-02T14:12:10.523+0000][1.785s] GC(2) Cleaned string and symbol table, strings: 8873 processed, 0 removed, symbols: 60337 processed, 40 removed
[2023-01-02T14:12:10.524+0000][1.786s] GC(2) Pause Remark 24M->24M(512M) 6.083ms
[2023-01-02T14:12:10.524+0000][1.786s] GC(2) User=0.04s Sys=0.01s Real=0.00s
[2023-01-02T14:12:10.524+0000][1.786s] GC(2) Concurrent Rebuild Remembered Sets
[2023-01-02T14:12:10.527+0000][1.789s] GC(2) Concurrent Rebuild Remembered Sets 2.973ms
[2023-01-02T14:12:10.527+0000][1.790s] GC(2) Pause Cleanup
[2023-01-02T14:12:10.528+0000][1.790s] GC(2) Pause Cleanup 24M->24M(512M) 0.272ms
[2023-01-02T14:12:10.528+0000][1.790s] GC(2) User=0.01s Sys=0.00s Real=0.00s
[2023-01-02T14:12:10.528+0000][1.790s] GC(2) Concurrent Cleanup for Next Mark
[2023-01-02T14:12:10.529+0000][1.791s] GC(2) Concurrent Cleanup for Next Mark 1.048ms
[2023-01-02T14:12:10.529+0000][1.791s] GC(2) Concurrent Cycle 23.042ms
[2023-01-02T14:12:11.362+0000][2.624s] GC(3) Pause Young (Normal) (G1 Evacuation Pause)
[2023-01-02T14:12:11.362+0000][2.624s] GC(3) Using 10 workers of 10 for evacuation
[2023-01-02T14:12:11.372+0000][2.634s] GC(3)   Pre Evacuate Collection Set: 0.0ms
[2023-01-02T14:12:11.372+0000][2.634s] GC(3)   Evacuate Collection Set: 9.3ms
[2023-01-02T14:12:11.372+0000][2.634s] GC(3)   Post Evacuate Collection Set: 1.0ms
[2023-01-02T14:12:11.372+0000][2.634s] GC(3)   Other: 0.2ms
[2023-01-02T14:12:11.372+0000][2.634s] GC(3) Eden regions: 77->0(117)
[2023-01-02T14:12:11.372+0000][2.634s] GC(3) Survivor regions: 20->5(13)
[2023-01-02T14:12:11.372+0000][2.634s] GC(3) Old regions: 2->21
[2023-01-02T14:12:11.372+0000][2.634s] GC(3) Humongous regions: 4->4
[2023-01-02T14:12:11.372+0000][2.634s] GC(3) Metaspace: 29824K(30848K)->29824K(30848K) NonClass: 26261K(26880K)->26261K(26880K) Class: 3563K(3968K)->3563K(3968K)
[2023-01-02T14:12:11.372+0000][2.634s] GC(3) Pause Young (Normal) (G1 Evacuation Pause) 100M->27M(512M) 10.630ms
[2023-01-02T14:12:11.372+0000][2.634s] GC(3) User=0.09s Sys=0.00s Real=0.01s
[2023-01-02T14:12:11.779+0000][3.041s] GC(4) Pause Young (Concurrent Start) (Metadata GC Threshold)
[2023-01-02T14:12:11.779+0000][3.041s] GC(4) Using 10 workers of 10 for evacuation
[2023-01-02T14:12:11.785+0000][3.047s] GC(4)   Pre Evacuate Collection Set: 0.1ms
[2023-01-02T14:12:11.785+0000][3.047s] GC(4)   Evacuate Collection Set: 4.4ms
[2023-01-02T14:12:11.785+0000][3.047s] GC(4)   Post Evacuate Collection Set: 1.1ms
[2023-01-02T14:12:11.785+0000][3.047s] GC(4)   Other: 0.3ms
[2023-01-02T14:12:11.785+0000][3.047s] GC(4) Eden regions: 54->0(139)
[2023-01-02T14:12:11.785+0000][3.047s] GC(4) Survivor regions: 5->8(16)
[2023-01-02T14:12:11.785+0000][3.047s] GC(4) Old regions: 21->21
[2023-01-02T14:12:11.785+0000][3.047s] GC(4) Humongous regions: 5->4
[2023-01-02T14:12:11.785+0000][3.047s] GC(4) Metaspace: 34649K(35840K)->34649K(35840K) NonClass: 30440K(31232K)->30440K(31232K) Class: 4209K(4608K)->4209K(4608K)
[2023-01-02T14:12:11.785+0000][3.047s] GC(4) Pause Young (Concurrent Start) (Metadata GC Threshold) 82M->30M(512M) 5.946ms
[2023-01-02T14:12:11.785+0000][3.047s] GC(4) User=0.02s Sys=0.00s Real=0.00s
[2023-01-02T14:12:11.785+0000][3.047s] GC(5) Concurrent Cycle
[2023-01-02T14:12:11.785+0000][3.047s] GC(5) Concurrent Clear Claimed Marks
[2023-01-02T14:12:11.786+0000][3.048s] GC(5) Concurrent Clear Claimed Marks 0.112ms
[2023-01-02T14:12:11.786+0000][3.048s] GC(5) Concurrent Scan Root Regions
[2023-01-02T14:12:11.787+0000][3.049s] GC(5) Concurrent Scan Root Regions 1.475ms
[2023-01-02T14:12:11.787+0000][3.049s] GC(5) Concurrent Mark (3.049s)
[2023-01-02T14:12:11.787+0000][3.049s] GC(5) Concurrent Mark From Roots
[2023-01-02T14:12:11.787+0000][3.049s] GC(5) Using 3 workers of 3 for marking
[2023-01-02T14:12:11.796+0000][3.059s] GC(5) Concurrent Mark From Roots 9.358ms
[2023-01-02T14:12:11.797+0000][3.059s] GC(5) Concurrent Preclean
[2023-01-02T14:12:11.797+0000][3.059s] GC(5) Concurrent Preclean 0.108ms
[2023-01-02T14:12:11.797+0000][3.059s] GC(5) Concurrent Mark (3.049s, 3.059s) 9.570ms
[2023-01-02T14:12:11.797+0000][3.059s] GC(5) Pause Remark
[2023-01-02T14:12:11.800+0000][3.063s] GC(5) Cleaned string and symbol table, strings: 15295 processed, 27 removed, symbols: 103019 processed, 73 removed
[2023-01-02T14:12:11.801+0000][3.063s] GC(5) Pause Remark 31M->31M(512M) 3.656ms
[2023-01-02T14:12:11.801+0000][3.063s] GC(5) User=0.03s Sys=0.00s Real=0.00s
[2023-01-02T14:12:11.801+0000][3.063s] GC(5) Concurrent Rebuild Remembered Sets
[2023-01-02T14:12:11.806+0000][3.068s] GC(5) Concurrent Rebuild Remembered Sets 4.829ms
[2023-01-02T14:12:11.806+0000][3.069s] GC(5) Pause Cleanup
[2023-01-02T14:12:11.807+0000][3.069s] GC(5) Pause Cleanup 32M->32M(512M) 0.303ms
[2023-01-02T14:12:11.807+0000][3.069s] GC(5) User=0.00s Sys=0.00s Real=0.01s
[2023-01-02T14:12:11.807+0000][3.069s] GC(5) Concurrent Cleanup for Next Mark
[2023-01-02T14:12:11.808+0000][3.070s] GC(5) Concurrent Cleanup for Next Mark 1.112ms
[2023-01-02T14:12:11.808+0000][3.070s] GC(5) Concurrent Cycle 22.927ms
[2023-01-02T14:12:12.721+0000][3.983s] GC(6) Pause Young (Normal) (G1 Evacuation Pause)
[2023-01-02T14:12:12.721+0000][3.983s] GC(6) Using 10 workers of 10 for evacuation
[2023-01-02T14:12:12.728+0000][3.990s] GC(6)   Pre Evacuate Collection Set: 0.0ms
[2023-01-02T14:12:12.728+0000][3.990s] GC(6)   Evacuate Collection Set: 5.5ms
[2023-01-02T14:12:12.728+0000][3.990s] GC(6)   Post Evacuate Collection Set: 1.4ms
[2023-01-02T14:12:12.728+0000][3.990s] GC(6)   Other: 0.2ms
[2023-01-02T14:12:12.728+0000][3.990s] GC(6) Eden regions: 146->0(294)
[2023-01-02T14:12:12.728+0000][3.990s] GC(6) Survivor regions: 8->13(20)
[2023-01-02T14:12:12.728+0000][3.990s] GC(6) Old regions: 21->21
[2023-01-02T14:12:12.728+0000][3.990s] GC(6) Humongous regions: 4->4
[2023-01-02T14:12:12.728+0000][3.990s] GC(6) Metaspace: 42699K(44160K)->42699K(44160K) NonClass: 37502K(38400K)->37502K(38400K) Class: 5196K(5760K)->5196K(5760K)
[2023-01-02T14:12:12.728+0000][3.990s] GC(6) Pause Young (Normal) (G1 Evacuation Pause) 176M->35M(512M) 7.245ms
[2023-01-02T14:12:12.728+0000][3.990s] GC(6) User=0.08s Sys=0.01s Real=0.01s
[2023-01-02T14:53:26.548+0000][2477.811s] Heap
[2023-01-02T14:53:26.549+0000][2477.811s]  garbage-first heap   total 524288K, used 237042K [0x00000000e0000000, 0x0000000100000000)
[2023-01-02T14:53:26.549+0000][2477.811s]   region size 1024K, 211 young (216064K), 13 survivors (13312K)
[2023-01-02T14:53:26.549+0000][2477.811s]  Metaspace       used 57238K, capacity 58705K, committed 58880K, reserved 1101824K
[2023-01-02T14:53:26.549+0000][2477.811s]   class space    used 6802K, capacity 7405K, committed 7424K, reserved 1048576K
