[2023-01-02T12:13:41.054+0000][0.004s] Heap region size: 1M
[2023-01-02T12:13:41.175+0000][0.126s] Using G1
[2023-01-02T12:13:41.175+0000][0.126s] Heap address: 0x00000000e0000000, size: 512 MB, Compressed Oops mode: 32-bit
[2023-01-02T12:13:41.176+0000][0.126s] Mark closed archive regions in map: [0x00000000ffe00000, 0x00000000ffe65ff8]
[2023-01-02T12:13:41.176+0000][0.126s] Mark open archive regions in map: [0x00000000ffc00000, 0x00000000ffc41ff8]
[2023-01-02T12:13:41.813+0000][0.764s] GC(0) Pause Young (Normal) (G1 Evacuation Pause)
[2023-01-02T12:13:41.815+0000][0.766s] GC(0) Using 10 workers of 10 for evacuation
[2023-01-02T12:13:41.823+0000][0.774s] GC(0)   Pre Evacuate Collection Set: 0.0ms
[2023-01-02T12:13:41.823+0000][0.774s] GC(0)   Evacuate Collection Set: 6.3ms
[2023-01-02T12:13:41.823+0000][0.774s] GC(0)   Post Evacuate Collection Set: 1.2ms
[2023-01-02T12:13:41.823+0000][0.774s] GC(0)   Other: 2.3ms
[2023-01-02T12:13:41.823+0000][0.774s] GC(0) Eden regions: 30->0(303)
[2023-01-02T12:13:41.823+0000][0.774s] GC(0) Survivor regions: 0->4(4)
[2023-01-02T12:13:41.823+0000][0.774s] GC(0) Old regions: 2->2
[2023-01-02T12:13:41.823+0000][0.774s] GC(0) Humongous regions: 0->0
[2023-01-02T12:13:41.823+0000][0.774s] GC(0) Metaspace: 9117K(9856K)->9117K(9856K) NonClass: 7986K(8448K)->7986K(8448K) Class: 1130K(1408K)->1130K(1408K)
[2023-01-02T12:13:41.823+0000][0.774s] GC(0) Pause Young (Normal) (G1 Evacuation Pause) 30M->4M(512M) 9.871ms
[2023-01-02T12:13:41.823+0000][0.774s] GC(0) User=0.08s Sys=0.00s Real=0.01s
[2023-01-02T12:13:42.646+0000][1.597s] GC(1) Pause Young (Concurrent Start) (Metadata GC Threshold)
[2023-01-02T12:13:42.646+0000][1.597s] GC(1) Using 10 workers of 10 for evacuation
[2023-01-02T12:13:42.656+0000][1.607s] GC(1)   Pre Evacuate Collection Set: 0.1ms
[2023-01-02T12:13:42.656+0000][1.607s] GC(1)   Evacuate Collection Set: 8.5ms
[2023-01-02T12:13:42.656+0000][1.607s] GC(1)   Post Evacuate Collection Set: 1.0ms
[2023-01-02T12:13:42.656+0000][1.607s] GC(1)   Other: 0.4ms
[2023-01-02T12:13:42.656+0000][1.607s] GC(1) Eden regions: 88->0(83)
[2023-01-02T12:13:42.656+0000][1.607s] GC(1) Survivor regions: 4->19(39)
[2023-01-02T12:13:42.656+0000][1.607s] GC(1) Old regions: 2->2
[2023-01-02T12:13:42.656+0000][1.607s] GC(1) Humongous regions: 4->4
[2023-01-02T12:13:42.656+0000][1.607s] GC(1) Metaspace: 20515K(21296K)->20515K(21296K) NonClass: 18078K(18608K)->18078K(18608K) Class: 2436K(2688K)->2436K(2688K)
[2023-01-02T12:13:42.656+0000][1.607s] GC(1) Pause Young (Concurrent Start) (Metadata GC Threshold) 95M->23M(512M) 10.190ms
[2023-01-02T12:13:42.656+0000][1.607s] GC(1) User=0.06s Sys=0.00s Real=0.01s
[2023-01-02T12:13:42.657+0000][1.607s] GC(2) Concurrent Cycle
[2023-01-02T12:13:42.657+0000][1.607s] GC(2) Concurrent Clear Claimed Marks
[2023-01-02T12:13:42.657+0000][1.607s] GC(2) Concurrent Clear Claimed Marks 0.085ms
[2023-01-02T12:13:42.657+0000][1.607s] GC(2) Concurrent Scan Root Regions
[2023-01-02T12:13:42.659+0000][1.610s] GC(2) Concurrent Scan Root Regions 2.548ms
[2023-01-02T12:13:42.659+0000][1.610s] GC(2) Concurrent Mark (1.610s)
[2023-01-02T12:13:42.659+0000][1.610s] GC(2) Concurrent Mark From Roots
[2023-01-02T12:13:42.659+0000][1.610s] GC(2) Using 3 workers of 3 for marking
[2023-01-02T12:13:42.669+0000][1.620s] GC(2) Concurrent Mark From Roots 9.659ms
[2023-01-02T12:13:42.669+0000][1.620s] GC(2) Concurrent Preclean
[2023-01-02T12:13:42.669+0000][1.620s] GC(2) Concurrent Preclean 0.058ms
[2023-01-02T12:13:42.669+0000][1.620s] GC(2) Concurrent Mark (1.610s, 1.620s) 9.801ms
[2023-01-02T12:13:42.669+0000][1.620s] GC(2) Pause Remark
[2023-01-02T12:13:42.671+0000][1.622s] GC(2) Cleaned string and symbol table, strings: 8882 processed, 0 removed, symbols: 60795 processed, 40 removed
[2023-01-02T12:13:42.672+0000][1.622s] GC(2) Pause Remark 24M->24M(512M) 2.184ms
[2023-01-02T12:13:42.672+0000][1.622s] GC(2) User=0.01s Sys=0.00s Real=0.00s
[2023-01-02T12:13:42.672+0000][1.623s] GC(2) Concurrent Rebuild Remembered Sets
[2023-01-02T12:13:42.673+0000][1.624s] GC(2) Concurrent Rebuild Remembered Sets 1.406ms
[2023-01-02T12:13:42.674+0000][1.624s] GC(2) Pause Cleanup
[2023-01-02T12:13:42.674+0000][1.625s] GC(2) Pause Cleanup 24M->24M(512M) 0.277ms
[2023-01-02T12:13:42.674+0000][1.625s] GC(2) User=0.00s Sys=0.00s Real=0.00s
[2023-01-02T12:13:42.674+0000][1.625s] GC(2) Concurrent Cleanup for Next Mark
[2023-01-02T12:13:42.675+0000][1.625s] GC(2) Concurrent Cleanup for Next Mark 0.641ms
[2023-01-02T12:13:42.675+0000][1.625s] GC(2) Concurrent Cycle 18.096ms
[2023-01-02T12:13:43.408+0000][2.358s] GC(3) Pause Young (Normal) (G1 Evacuation Pause)
[2023-01-02T12:13:43.408+0000][2.358s] GC(3) Using 10 workers of 10 for evacuation
[2023-01-02T12:13:43.417+0000][2.367s] GC(3)   Pre Evacuate Collection Set: 0.0ms
[2023-01-02T12:13:43.417+0000][2.367s] GC(3)   Evacuate Collection Set: 7.9ms
[2023-01-02T12:13:43.417+0000][2.367s] GC(3)   Post Evacuate Collection Set: 1.0ms
[2023-01-02T12:13:43.417+0000][2.367s] GC(3)   Other: 0.2ms
[2023-01-02T12:13:43.417+0000][2.367s] GC(3) Eden regions: 77->0(108)
[2023-01-02T12:13:43.417+0000][2.367s] GC(3) Survivor regions: 19->5(12)
[2023-01-02T12:13:43.417+0000][2.367s] GC(3) Old regions: 2->21
[2023-01-02T12:13:43.417+0000][2.367s] GC(3) Humongous regions: 4->4
[2023-01-02T12:13:43.417+0000][2.367s] GC(3) Metaspace: 29872K(31024K)->29872K(31024K) NonClass: 26304K(27056K)->26304K(27056K) Class: 3567K(3968K)->3567K(3968K)
[2023-01-02T12:13:43.417+0000][2.367s] GC(3) Pause Young (Normal) (G1 Evacuation Pause) 100M->27M(512M) 9.233ms
[2023-01-02T12:13:43.417+0000][2.367s] GC(3) User=0.07s Sys=0.01s Real=0.01s
[2023-01-02T12:14:11.033+0000][29.984s] GC(4) Pause Young (Concurrent Start) (Metadata GC Threshold)
[2023-01-02T12:14:11.033+0000][29.984s] GC(4) Using 10 workers of 10 for evacuation
[2023-01-02T12:14:11.039+0000][29.990s] GC(4)   Pre Evacuate Collection Set: 0.1ms
[2023-01-02T12:14:11.039+0000][29.990s] GC(4)   Evacuate Collection Set: 4.6ms
[2023-01-02T12:14:11.039+0000][29.990s] GC(4)   Post Evacuate Collection Set: 1.1ms
[2023-01-02T12:14:11.039+0000][29.990s] GC(4)   Other: 0.3ms
[2023-01-02T12:14:11.039+0000][29.990s] GC(4) Eden regions: 51->0(117)
[2023-01-02T12:14:11.039+0000][29.990s] GC(4) Survivor regions: 5->7(15)
[2023-01-02T12:14:11.039+0000][29.990s] GC(4) Old regions: 21->21
[2023-01-02T12:14:11.039+0000][29.990s] GC(4) Humongous regions: 4->4
[2023-01-02T12:14:11.039+0000][29.990s] GC(4) Metaspace: 34895K(35920K)->34895K(35920K) NonClass: 30709K(31312K)->30709K(31312K) Class: 4186K(4608K)->4186K(4608K)
[2023-01-02T12:14:11.039+0000][29.990s] GC(4) Pause Young (Concurrent Start) (Metadata GC Threshold) 78M->29M(512M) 6.107ms
[2023-01-02T12:14:11.039+0000][29.990s] GC(4) User=0.03s Sys=0.01s Real=0.01s
[2023-01-02T12:14:11.040+0000][29.990s] GC(5) Concurrent Cycle
[2023-01-02T12:14:11.040+0000][29.990s] GC(5) Concurrent Clear Claimed Marks
[2023-01-02T12:14:11.040+0000][29.990s] GC(5) Concurrent Clear Claimed Marks 0.115ms
[2023-01-02T12:14:11.040+0000][29.990s] GC(5) Concurrent Scan Root Regions
[2023-01-02T12:14:11.041+0000][29.992s] GC(5) Concurrent Scan Root Regions 1.715ms
[2023-01-02T12:14:11.041+0000][29.992s] GC(5) Concurrent Mark (29.992s)
[2023-01-02T12:14:11.041+0000][29.992s] GC(5) Concurrent Mark From Roots
[2023-01-02T12:14:11.042+0000][29.992s] GC(5) Using 3 workers of 3 for marking
[2023-01-02T12:14:11.050+0000][30.001s] GC(5) Concurrent Mark From Roots 8.887ms
[2023-01-02T12:14:11.051+0000][30.001s] GC(5) Concurrent Preclean
[2023-01-02T12:14:11.051+0000][30.001s] GC(5) Concurrent Preclean 0.157ms
[2023-01-02T12:14:11.051+0000][30.001s] GC(5) Concurrent Mark (29.992s, 30.001s) 9.230ms
[2023-01-02T12:14:11.051+0000][30.002s] GC(5) Pause Remark
[2023-01-02T12:14:11.057+0000][30.008s] GC(5) Cleaned string and symbol table, strings: 15384 processed, 26 removed, symbols: 99221 processed, 79 removed
[2023-01-02T12:14:11.058+0000][30.008s] GC(5) Pause Remark 30M->30M(512M) 6.657ms
[2023-01-02T12:14:11.058+0000][30.008s] GC(5) User=0.05s Sys=0.00s Real=0.00s
[2023-01-02T12:14:11.058+0000][30.009s] GC(5) Concurrent Rebuild Remembered Sets
[2023-01-02T12:14:11.064+0000][30.015s] GC(5) Concurrent Rebuild Remembered Sets 6.096ms
[2023-01-02T12:14:11.065+0000][30.015s] GC(5) Pause Cleanup
[2023-01-02T12:14:11.065+0000][30.016s] GC(5) Pause Cleanup 30M->30M(512M) 0.537ms
[2023-01-02T12:14:11.065+0000][30.016s] GC(5) User=0.00s Sys=0.00s Real=0.00s
[2023-01-02T12:14:11.065+0000][30.016s] GC(5) Concurrent Cleanup for Next Mark
[2023-01-02T12:14:11.067+0000][30.017s] GC(5) Concurrent Cleanup for Next Mark 1.026ms
[2023-01-02T12:14:11.067+0000][30.017s] GC(5) Concurrent Cycle 27.179ms
[2023-01-02T12:14:11.778+0000][30.729s] GC(6) Pause Young (Normal) (G1 Evacuation Pause)
[2023-01-02T12:14:11.778+0000][30.729s] GC(6) Using 10 workers of 10 for evacuation
[2023-01-02T12:14:11.785+0000][30.736s] GC(6)   Pre Evacuate Collection Set: 0.0ms
[2023-01-02T12:14:11.785+0000][30.736s] GC(6)   Evacuate Collection Set: 5.3ms
[2023-01-02T12:14:11.785+0000][30.736s] GC(6)   Post Evacuate Collection Set: 1.5ms
[2023-01-02T12:14:11.785+0000][30.736s] GC(6)   Other: 0.2ms
[2023-01-02T12:14:11.785+0000][30.736s] GC(6) Eden regions: 121->0(295)
[2023-01-02T12:14:11.785+0000][30.736s] GC(6) Survivor regions: 7->12(16)
[2023-01-02T12:14:11.785+0000][30.736s] GC(6) Old regions: 21->21
[2023-01-02T12:14:11.785+0000][30.736s] GC(6) Humongous regions: 5->4
[2023-01-02T12:14:11.785+0000][30.736s] GC(6) Metaspace: 43081K(44496K)->43081K(44496K) NonClass: 37863K(38736K)->37863K(38736K) Class: 5217K(5760K)->5217K(5760K)
[2023-01-02T12:14:11.785+0000][30.736s] GC(6) Pause Young (Normal) (G1 Evacuation Pause) 151M->34M(512M) 7.118ms
[2023-01-02T12:14:11.785+0000][30.736s] GC(6) User=0.09s Sys=0.00s Real=0.01s
[2023-01-02T12:20:07.779+0000][386.730s] Heap
[2023-01-02T12:20:07.779+0000][386.730s]  garbage-first heap   total 524288K, used 122332K [0x00000000e0000000, 0x0000000100000000)
[2023-01-02T12:20:07.779+0000][386.730s]   region size 1024K, 98 young (100352K), 12 survivors (12288K)
[2023-01-02T12:20:07.779+0000][386.730s]  Metaspace       used 47040K, capacity 48214K, committed 48336K, reserved 1091584K
[2023-01-02T12:20:07.779+0000][386.730s]   class space    used 5763K, capacity 6261K, committed 6272K, reserved 1048576K
