[2023-01-02T13:49:29.501+0000][0.005s] Heap region size: 1M
[2023-01-02T13:49:29.665+0000][0.169s] Using G1
[2023-01-02T13:49:29.665+0000][0.169s] Heap address: 0x00000000e0000000, size: 512 MB, Compressed Oops mode: 32-bit
[2023-01-02T13:49:29.665+0000][0.169s] Mark closed archive regions in map: [0x00000000ffe00000, 0x00000000ffe65ff8]
[2023-01-02T13:49:29.665+0000][0.169s] Mark open archive regions in map: [0x00000000ffc00000, 0x00000000ffc41ff8]
[2023-01-02T13:49:30.425+0000][0.929s] GC(0) Pause Young (Normal) (G1 Evacuation Pause)
[2023-01-02T13:49:30.427+0000][0.931s] GC(0) Using 10 workers of 10 for evacuation
[2023-01-02T13:49:30.434+0000][0.938s] GC(0)   Pre Evacuate Collection Set: 0.0ms
[2023-01-02T13:49:30.434+0000][0.938s] GC(0)   Evacuate Collection Set: 5.5ms
[2023-01-02T13:49:30.434+0000][0.938s] GC(0)   Post Evacuate Collection Set: 0.9ms
[2023-01-02T13:49:30.434+0000][0.938s] GC(0)   Other: 2.0ms
[2023-01-02T13:49:30.434+0000][0.938s] GC(0) Eden regions: 30->0(303)
[2023-01-02T13:49:30.434+0000][0.938s] GC(0) Survivor regions: 0->4(4)
[2023-01-02T13:49:30.434+0000][0.938s] GC(0) Old regions: 2->2
[2023-01-02T13:49:30.434+0000][0.938s] GC(0) Humongous regions: 0->0
[2023-01-02T13:49:30.434+0000][0.938s] GC(0) Metaspace: 9169K(9856K)->9169K(9856K) NonClass: 8034K(8448K)->8034K(8448K) Class: 1134K(1408K)->1134K(1408K)
[2023-01-02T13:49:30.434+0000][0.938s] GC(0) Pause Young (Normal) (G1 Evacuation Pause) 30M->4M(512M) 8.429ms
[2023-01-02T13:49:30.434+0000][0.938s] GC(0) User=0.06s Sys=0.02s Real=0.01s
[2023-01-02T13:49:31.303+0000][1.807s] GC(1) Pause Young (Concurrent Start) (Metadata GC Threshold)
[2023-01-02T13:49:31.304+0000][1.807s] GC(1) Using 10 workers of 10 for evacuation
[2023-01-02T13:49:31.314+0000][1.817s] GC(1)   Pre Evacuate Collection Set: 0.1ms
[2023-01-02T13:49:31.314+0000][1.817s] GC(1)   Evacuate Collection Set: 8.3ms
[2023-01-02T13:49:31.314+0000][1.817s] GC(1)   Post Evacuate Collection Set: 1.1ms
[2023-01-02T13:49:31.314+0000][1.817s] GC(1)   Other: 0.7ms
[2023-01-02T13:49:31.314+0000][1.817s] GC(1) Eden regions: 85->0(82)
[2023-01-02T13:49:31.314+0000][1.817s] GC(1) Survivor regions: 4->20(39)
[2023-01-02T13:49:31.314+0000][1.817s] GC(1) Old regions: 2->2
[2023-01-02T13:49:31.314+0000][1.817s] GC(1) Humongous regions: 4->4
[2023-01-02T13:49:31.314+0000][1.817s] GC(1) Metaspace: 20386K(21248K)->20386K(21248K) NonClass: 17968K(18432K)->17968K(18432K) Class: 2418K(2816K)->2418K(2816K)
[2023-01-02T13:49:31.314+0000][1.817s] GC(1) Pause Young (Concurrent Start) (Metadata GC Threshold) 93M->24M(512M) 10.237ms
[2023-01-02T13:49:31.314+0000][1.817s] GC(1) User=0.06s Sys=0.00s Real=0.01s
[2023-01-02T13:49:31.314+0000][1.818s] GC(2) Concurrent Cycle
[2023-01-02T13:49:31.314+0000][1.818s] GC(2) Concurrent Clear Claimed Marks
[2023-01-02T13:49:31.314+0000][1.818s] GC(2) Concurrent Clear Claimed Marks 0.084ms
[2023-01-02T13:49:31.314+0000][1.818s] GC(2) Concurrent Scan Root Regions
[2023-01-02T13:49:31.317+0000][1.820s] GC(2) Concurrent Scan Root Regions 2.567ms
[2023-01-02T13:49:31.317+0000][1.820s] GC(2) Concurrent Mark (1.820s)
[2023-01-02T13:49:31.317+0000][1.820s] GC(2) Concurrent Mark From Roots
[2023-01-02T13:49:31.317+0000][1.820s] GC(2) Using 3 workers of 3 for marking
[2023-01-02T13:49:31.326+0000][1.830s] GC(2) Concurrent Mark From Roots 9.676ms
[2023-01-02T13:49:31.326+0000][1.830s] GC(2) Concurrent Preclean
[2023-01-02T13:49:31.326+0000][1.830s] GC(2) Concurrent Preclean 0.052ms
[2023-01-02T13:49:31.326+0000][1.830s] GC(2) Concurrent Mark (1.820s, 1.830s) 9.818ms
[2023-01-02T13:49:31.327+0000][1.830s] GC(2) Pause Remark
[2023-01-02T13:49:31.331+0000][1.835s] GC(2) Cleaned string and symbol table, strings: 8857 processed, 0 removed, symbols: 60286 processed, 40 removed
[2023-01-02T13:49:31.332+0000][1.835s] GC(2) Pause Remark 24M->24M(512M) 5.026ms
[2023-01-02T13:49:31.332+0000][1.836s] GC(2) User=0.05s Sys=0.00s Real=0.01s
[2023-01-02T13:49:31.332+0000][1.836s] GC(2) Concurrent Rebuild Remembered Sets
[2023-01-02T13:49:31.333+0000][1.837s] GC(2) Concurrent Rebuild Remembered Sets 1.178ms
[2023-01-02T13:49:31.334+0000][1.837s] GC(2) Pause Cleanup
[2023-01-02T13:49:31.334+0000][1.838s] GC(2) Pause Cleanup 25M->25M(512M) 0.299ms
[2023-01-02T13:49:31.334+0000][1.838s] GC(2) User=0.00s Sys=0.00s Real=0.00s
[2023-01-02T13:49:31.334+0000][1.838s] GC(2) Concurrent Cleanup for Next Mark
[2023-01-02T13:49:31.335+0000][1.839s] GC(2) Concurrent Cleanup for Next Mark 1.485ms
[2023-01-02T13:49:31.336+0000][1.839s] GC(2) Concurrent Cycle 21.800ms
[2023-01-02T13:49:32.074+0000][2.578s] GC(3) Pause Young (Normal) (G1 Evacuation Pause)
[2023-01-02T13:49:32.074+0000][2.578s] GC(3) Using 10 workers of 10 for evacuation
[2023-01-02T13:49:32.087+0000][2.591s] GC(3)   Pre Evacuate Collection Set: 0.0ms
[2023-01-02T13:49:32.087+0000][2.591s] GC(3)   Evacuate Collection Set: 11.8ms
[2023-01-02T13:49:32.087+0000][2.591s] GC(3)   Post Evacuate Collection Set: 1.1ms
[2023-01-02T13:49:32.087+0000][2.591s] GC(3)   Other: 0.2ms
[2023-01-02T13:49:32.087+0000][2.591s] GC(3) Eden regions: 75->0(109)
[2023-01-02T13:49:32.087+0000][2.591s] GC(3) Survivor regions: 20->5(12)
[2023-01-02T13:49:32.087+0000][2.591s] GC(3) Old regions: 2->21
[2023-01-02T13:49:32.087+0000][2.591s] GC(3) Humongous regions: 4->4
[2023-01-02T13:49:32.087+0000][2.591s] GC(3) Metaspace: 29611K(30592K)->29611K(30592K) NonClass: 26069K(26624K)->26069K(26624K) Class: 3542K(3968K)->3542K(3968K)
[2023-01-02T13:49:32.087+0000][2.591s] GC(3) Pause Young (Normal) (G1 Evacuation Pause) 99M->27M(512M) 13.123ms
[2023-01-02T13:49:32.087+0000][2.591s] GC(3) User=0.10s Sys=0.01s Real=0.02s
[2023-01-02T13:49:32.476+0000][2.980s] GC(4) Pause Young (Concurrent Start) (Metadata GC Threshold)
[2023-01-02T13:49:32.477+0000][2.980s] GC(4) Using 10 workers of 10 for evacuation
[2023-01-02T13:49:32.482+0000][2.986s] GC(4)   Pre Evacuate Collection Set: 0.1ms
[2023-01-02T13:49:32.483+0000][2.986s] GC(4)   Evacuate Collection Set: 4.1ms
[2023-01-02T13:49:32.483+0000][2.986s] GC(4)   Post Evacuate Collection Set: 1.4ms
[2023-01-02T13:49:32.483+0000][2.986s] GC(4)   Other: 0.3ms
[2023-01-02T13:49:32.483+0000][2.986s] GC(4) Eden regions: 56->0(115)
[2023-01-02T13:49:32.483+0000][2.986s] GC(4) Survivor regions: 5->8(15)
[2023-01-02T13:49:32.483+0000][2.986s] GC(4) Old regions: 21->21
[2023-01-02T13:49:32.483+0000][2.986s] GC(4) Humongous regions: 5->4
[2023-01-02T13:49:32.483+0000][2.986s] GC(4) Metaspace: 34646K(35840K)->34646K(35840K) NonClass: 30441K(31232K)->30441K(31232K) Class: 4204K(4608K)->4204K(4608K)
[2023-01-02T13:49:32.483+0000][2.986s] GC(4) Pause Young (Concurrent Start) (Metadata GC Threshold) 84M->30M(512M) 6.110ms
[2023-01-02T13:49:32.483+0000][2.986s] GC(4) User=0.03s Sys=0.01s Real=0.01s
[2023-01-02T13:49:32.483+0000][2.986s] GC(5) Concurrent Cycle
[2023-01-02T13:49:32.483+0000][2.986s] GC(5) Concurrent Clear Claimed Marks
[2023-01-02T13:49:32.483+0000][2.987s] GC(5) Concurrent Clear Claimed Marks 0.110ms
[2023-01-02T13:49:32.483+0000][2.987s] GC(5) Concurrent Scan Root Regions
[2023-01-02T13:49:32.484+0000][2.988s] GC(5) Concurrent Scan Root Regions 1.201ms
[2023-01-02T13:49:32.484+0000][2.988s] GC(5) Concurrent Mark (2.988s)
[2023-01-02T13:49:32.484+0000][2.988s] GC(5) Concurrent Mark From Roots
[2023-01-02T13:49:32.484+0000][2.988s] GC(5) Using 3 workers of 3 for marking
[2023-01-02T13:49:32.494+0000][2.997s] GC(5) Concurrent Mark From Roots 9.366ms
[2023-01-02T13:49:32.494+0000][2.997s] GC(5) Concurrent Preclean
[2023-01-02T13:49:32.494+0000][2.997s] GC(5) Concurrent Preclean 0.116ms
[2023-01-02T13:49:32.494+0000][2.997s] GC(5) Concurrent Mark (2.988s, 2.997s) 9.605ms
[2023-01-02T13:49:32.494+0000][2.998s] GC(5) Pause Remark
[2023-01-02T13:49:32.497+0000][3.001s] GC(5) Cleaned string and symbol table, strings: 15270 processed, 27 removed, symbols: 102944 processed, 73 removed
[2023-01-02T13:49:32.498+0000][3.002s] GC(5) Pause Remark 31M->31M(512M) 3.558ms
[2023-01-02T13:49:32.498+0000][3.002s] GC(5) User=0.04s Sys=0.00s Real=0.01s
[2023-01-02T13:49:32.498+0000][3.002s] GC(5) Concurrent Rebuild Remembered Sets
[2023-01-02T13:49:32.503+0000][3.006s] GC(5) Concurrent Rebuild Remembered Sets 4.618ms
[2023-01-02T13:49:32.503+0000][3.007s] GC(5) Pause Cleanup
[2023-01-02T13:49:32.503+0000][3.007s] GC(5) Pause Cleanup 31M->31M(512M) 0.244ms
[2023-01-02T13:49:32.503+0000][3.007s] GC(5) User=0.00s Sys=0.00s Real=0.00s
[2023-01-02T13:49:32.503+0000][3.007s] GC(5) Concurrent Cleanup for Next Mark
[2023-01-02T13:49:32.507+0000][3.010s] GC(5) Concurrent Cleanup for Next Mark 3.224ms
[2023-01-02T13:49:32.507+0000][3.010s] GC(5) Concurrent Cycle 24.030ms
[2023-01-02T13:49:33.291+0000][3.795s] GC(6) Pause Young (Normal) (G1 Evacuation Pause)
[2023-01-02T13:49:33.291+0000][3.795s] GC(6) Using 10 workers of 10 for evacuation
[2023-01-02T13:49:33.297+0000][3.801s] GC(6)   Pre Evacuate Collection Set: 0.0ms
[2023-01-02T13:49:33.297+0000][3.801s] GC(6)   Evacuate Collection Set: 4.4ms
[2023-01-02T13:49:33.297+0000][3.801s] GC(6)   Post Evacuate Collection Set: 1.3ms
[2023-01-02T13:49:33.297+0000][3.801s] GC(6)   Other: 0.2ms
[2023-01-02T13:49:33.297+0000][3.801s] GC(6) Eden regions: 115->0(295)
[2023-01-02T13:49:33.297+0000][3.801s] GC(6) Survivor regions: 8->12(16)
[2023-01-02T13:49:33.297+0000][3.801s] GC(6) Old regions: 21->21
[2023-01-02T13:49:33.297+0000][3.801s] GC(6) Humongous regions: 4->4
[2023-01-02T13:49:33.297+0000][3.801s] GC(6) Metaspace: 41162K(42368K)->41162K(42368K) NonClass: 36185K(36864K)->36185K(36864K) Class: 4976K(5504K)->4976K(5504K)
[2023-01-02T13:49:33.297+0000][3.801s] GC(6) Pause Young (Normal) (G1 Evacuation Pause) 145M->34M(512M) 6.023ms
[2023-01-02T13:49:33.297+0000][3.801s] GC(6) User=0.05s Sys=0.01s Real=0.01s
[2023-01-02T13:51:23.771+0000][114.275s] Heap
[2023-01-02T13:51:23.771+0000][114.275s]  garbage-first heap   total 524288K, used 144218K [0x00000000e0000000, 0x0000000100000000)
[2023-01-02T13:51:23.771+0000][114.275s]   region size 1024K, 120 young (122880K), 12 survivors (12288K)
[2023-01-02T13:51:23.771+0000][114.275s]  Metaspace       used 48189K, capacity 49449K, committed 49792K, reserved 1093632K
[2023-01-02T13:51:23.771+0000][114.275s]   class space    used 5886K, capacity 6403K, committed 6528K, reserved 1048576K
