[2023-01-02T13:42:58.472+0000][0.005s] Heap region size: 1M
[2023-01-02T13:42:58.653+0000][0.185s] Using G1
[2023-01-02T13:42:58.653+0000][0.185s] Heap address: 0x00000000e0000000, size: 512 MB, Compressed Oops mode: 32-bit
[2023-01-02T13:42:58.654+0000][0.186s] Mark closed archive regions in map: [0x00000000ffe00000, 0x00000000ffe65ff8]
[2023-01-02T13:42:58.654+0000][0.186s] Mark open archive regions in map: [0x00000000ffc00000, 0x00000000ffc41ff8]
[2023-01-02T13:42:59.753+0000][1.285s] GC(0) Pause Young (Normal) (G1 Evacuation Pause)
[2023-01-02T13:42:59.754+0000][1.287s] GC(0) Using 10 workers of 10 for evacuation
[2023-01-02T13:42:59.763+0000][1.295s] GC(0)   Pre Evacuate Collection Set: 0.3ms
[2023-01-02T13:42:59.763+0000][1.295s] GC(0)   Evacuate Collection Set: 6.4ms
[2023-01-02T13:42:59.763+0000][1.295s] GC(0)   Post Evacuate Collection Set: 1.9ms
[2023-01-02T13:42:59.763+0000][1.295s] GC(0)   Other: 1.6ms
[2023-01-02T13:42:59.763+0000][1.295s] GC(0) Eden regions: 30->0(303)
[2023-01-02T13:42:59.763+0000][1.295s] GC(0) Survivor regions: 0->4(4)
[2023-01-02T13:42:59.763+0000][1.295s] GC(0) Old regions: 2->2
[2023-01-02T13:42:59.763+0000][1.295s] GC(0) Humongous regions: 0->0
[2023-01-02T13:42:59.763+0000][1.295s] GC(0) Metaspace: 9201K(9856K)->9201K(9856K) NonClass: 8062K(8448K)->8062K(8448K) Class: 1138K(1408K)->1138K(1408K)
[2023-01-02T13:42:59.763+0000][1.295s] GC(0) Pause Young (Normal) (G1 Evacuation Pause) 30M->4M(512M) 10.313ms
[2023-01-02T13:42:59.763+0000][1.296s] GC(0) User=0.08s Sys=0.00s Real=0.01s
[2023-01-02T13:43:00.877+0000][2.409s] GC(1) Pause Young (Concurrent Start) (Metadata GC Threshold)
[2023-01-02T13:43:00.877+0000][2.409s] GC(1) Using 10 workers of 10 for evacuation
[2023-01-02T13:43:00.889+0000][2.421s] GC(1)   Pre Evacuate Collection Set: 0.1ms
[2023-01-02T13:43:00.889+0000][2.421s] GC(1)   Evacuate Collection Set: 9.9ms
[2023-01-02T13:43:00.889+0000][2.421s] GC(1)   Post Evacuate Collection Set: 1.0ms
[2023-01-02T13:43:00.889+0000][2.421s] GC(1)   Other: 0.7ms
[2023-01-02T13:43:00.889+0000][2.421s] GC(1) Eden regions: 86->0(81)
[2023-01-02T13:43:00.889+0000][2.421s] GC(1) Survivor regions: 4->20(39)
[2023-01-02T13:43:00.889+0000][2.421s] GC(1) Old regions: 2->2
[2023-01-02T13:43:00.889+0000][2.421s] GC(1) Humongous regions: 4->4
[2023-01-02T13:43:00.889+0000][2.421s] GC(1) Metaspace: 20376K(21248K)->20376K(21248K) NonClass: 17954K(18432K)->17954K(18432K) Class: 2422K(2816K)->2422K(2816K)
[2023-01-02T13:43:00.889+0000][2.421s] GC(1) Pause Young (Concurrent Start) (Metadata GC Threshold) 94M->23M(512M) 11.738ms
[2023-01-02T13:43:00.889+0000][2.421s] GC(1) User=0.06s Sys=0.00s Real=0.02s
[2023-01-02T13:43:00.889+0000][2.421s] GC(2) Concurrent Cycle
[2023-01-02T13:43:00.889+0000][2.421s] GC(2) Concurrent Clear Claimed Marks
[2023-01-02T13:43:00.889+0000][2.421s] GC(2) Concurrent Clear Claimed Marks 0.184ms
[2023-01-02T13:43:00.889+0000][2.421s] GC(2) Concurrent Scan Root Regions
[2023-01-02T13:43:00.892+0000][2.424s] GC(2) Concurrent Scan Root Regions 3.077ms
[2023-01-02T13:43:00.892+0000][2.425s] GC(2) Concurrent Mark (2.425s)
[2023-01-02T13:43:00.892+0000][2.425s] GC(2) Concurrent Mark From Roots
[2023-01-02T13:43:00.892+0000][2.425s] GC(2) Using 3 workers of 3 for marking
[2023-01-02T13:43:00.902+0000][2.434s] GC(2) Concurrent Mark From Roots 9.882ms
[2023-01-02T13:43:00.902+0000][2.434s] GC(2) Concurrent Preclean
[2023-01-02T13:43:00.902+0000][2.435s] GC(2) Concurrent Preclean 0.156ms
[2023-01-02T13:43:00.902+0000][2.435s] GC(2) Concurrent Mark (2.425s, 2.435s) 10.141ms
[2023-01-02T13:43:00.903+0000][2.435s] GC(2) Pause Remark
[2023-01-02T13:43:00.905+0000][2.437s] GC(2) Cleaned string and symbol table, strings: 8859 processed, 0 removed, symbols: 60307 processed, 40 removed
[2023-01-02T13:43:00.905+0000][2.437s] GC(2) Pause Remark 24M->24M(512M) 2.194ms
[2023-01-02T13:43:00.905+0000][2.437s] GC(2) User=0.01s Sys=0.00s Real=0.00s
[2023-01-02T13:43:00.905+0000][2.437s] GC(2) Concurrent Rebuild Remembered Sets
[2023-01-02T13:43:00.906+0000][2.439s] GC(2) Concurrent Rebuild Remembered Sets 1.151ms
[2023-01-02T13:43:00.907+0000][2.439s] GC(2) Pause Cleanup
[2023-01-02T13:43:00.907+0000][2.439s] GC(2) Pause Cleanup 24M->24M(512M) 0.258ms
[2023-01-02T13:43:00.907+0000][2.439s] GC(2) User=0.00s Sys=0.00s Real=0.00s
[2023-01-02T13:43:00.907+0000][2.439s] GC(2) Concurrent Cleanup for Next Mark
[2023-01-02T13:43:00.909+0000][2.441s] GC(2) Concurrent Cleanup for Next Mark 2.144ms
[2023-01-02T13:43:00.909+0000][2.442s] GC(2) Concurrent Cycle 20.447ms
[2023-01-02T13:43:01.887+0000][3.419s] GC(3) Pause Young (Normal) (G1 Evacuation Pause)
[2023-01-02T13:43:01.887+0000][3.419s] GC(3) Using 10 workers of 10 for evacuation
[2023-01-02T13:43:01.897+0000][3.429s] GC(3)   Pre Evacuate Collection Set: 0.0ms
[2023-01-02T13:43:01.897+0000][3.429s] GC(3)   Evacuate Collection Set: 8.8ms
[2023-01-02T13:43:01.897+0000][3.429s] GC(3)   Post Evacuate Collection Set: 1.1ms
[2023-01-02T13:43:01.897+0000][3.429s] GC(3)   Other: 0.2ms
[2023-01-02T13:43:01.897+0000][3.429s] GC(3) Eden regions: 75->0(112)
[2023-01-02T13:43:01.897+0000][3.429s] GC(3) Survivor regions: 20->5(12)
[2023-01-02T13:43:01.897+0000][3.429s] GC(3) Old regions: 2->21
[2023-01-02T13:43:01.897+0000][3.429s] GC(3) Humongous regions: 4->4
[2023-01-02T13:43:01.897+0000][3.429s] GC(3) Metaspace: 29060K(30208K)->29060K(30208K) NonClass: 25585K(26368K)->25585K(26368K) Class: 3474K(3840K)->3474K(3840K)
[2023-01-02T13:43:01.897+0000][3.429s] GC(3) Pause Young (Normal) (G1 Evacuation Pause) 98M->27M(512M) 10.203ms
[2023-01-02T13:43:01.897+0000][3.429s] GC(3) User=0.08s Sys=0.02s Real=0.01s
[2023-01-02T13:43:02.501+0000][4.033s] GC(4) Pause Young (Concurrent Start) (Metadata GC Threshold)
[2023-01-02T13:43:02.501+0000][4.033s] GC(4) Using 10 workers of 10 for evacuation
[2023-01-02T13:43:02.506+0000][4.038s] GC(4)   Pre Evacuate Collection Set: 0.1ms
[2023-01-02T13:43:02.506+0000][4.038s] GC(4)   Evacuate Collection Set: 3.5ms
[2023-01-02T13:43:02.506+0000][4.038s] GC(4)   Post Evacuate Collection Set: 0.9ms
[2023-01-02T13:43:02.506+0000][4.038s] GC(4)   Other: 0.3ms
[2023-01-02T13:43:02.506+0000][4.038s] GC(4) Eden regions: 65->0(139)
[2023-01-02T13:43:02.506+0000][4.038s] GC(4) Survivor regions: 5->8(15)
[2023-01-02T13:43:02.506+0000][4.038s] GC(4) Old regions: 21->21
[2023-01-02T13:43:02.506+0000][4.038s] GC(4) Humongous regions: 5->4
[2023-01-02T13:43:02.506+0000][4.038s] GC(4) Metaspace: 34765K(35840K)->34765K(35840K) NonClass: 30556K(31232K)->30556K(31232K) Class: 4208K(4608K)->4208K(4608K)
[2023-01-02T13:43:02.506+0000][4.038s] GC(4) Pause Young (Concurrent Start) (Metadata GC Threshold) 93M->30M(512M) 4.821ms
[2023-01-02T13:43:02.506+0000][4.038s] GC(4) User=0.03s Sys=0.00s Real=0.00s
[2023-01-02T13:43:02.506+0000][4.038s] GC(5) Concurrent Cycle
[2023-01-02T13:43:02.506+0000][4.038s] GC(5) Concurrent Clear Claimed Marks
[2023-01-02T13:43:02.506+0000][4.038s] GC(5) Concurrent Clear Claimed Marks 0.086ms
[2023-01-02T13:43:02.506+0000][4.038s] GC(5) Concurrent Scan Root Regions
[2023-01-02T13:43:02.507+0000][4.040s] GC(5) Concurrent Scan Root Regions 1.408ms
[2023-01-02T13:43:02.507+0000][4.040s] GC(5) Concurrent Mark (4.040s)
[2023-01-02T13:43:02.508+0000][4.040s] GC(5) Concurrent Mark From Roots
[2023-01-02T13:43:02.508+0000][4.040s] GC(5) Using 3 workers of 3 for marking
[2023-01-02T13:43:02.517+0000][4.049s] GC(5) Concurrent Mark From Roots 9.403ms
[2023-01-02T13:43:02.517+0000][4.049s] GC(5) Concurrent Preclean
[2023-01-02T13:43:02.517+0000][4.049s] GC(5) Concurrent Preclean 0.112ms
[2023-01-02T13:43:02.517+0000][4.049s] GC(5) Concurrent Mark (4.040s, 4.049s) 9.615ms
[2023-01-02T13:43:02.517+0000][4.050s] GC(5) Pause Remark
[2023-01-02T13:43:02.520+0000][4.053s] GC(5) Cleaned string and symbol table, strings: 15338 processed, 27 removed, symbols: 103206 processed, 73 removed
[2023-01-02T13:43:02.521+0000][4.053s] GC(5) Pause Remark 32M->32M(512M) 3.236ms
[2023-01-02T13:43:02.521+0000][4.053s] GC(5) User=0.02s Sys=0.00s Real=0.00s
[2023-01-02T13:43:02.521+0000][4.053s] GC(5) Concurrent Rebuild Remembered Sets
[2023-01-02T13:43:02.526+0000][4.058s] GC(5) Concurrent Rebuild Remembered Sets 5.141ms
[2023-01-02T13:43:02.526+0000][4.059s] GC(5) Pause Cleanup
[2023-01-02T13:43:02.527+0000][4.059s] GC(5) Pause Cleanup 32M->32M(512M) 0.272ms
[2023-01-02T13:43:02.527+0000][4.059s] GC(5) User=0.00s Sys=0.00s Real=0.00s
[2023-01-02T13:43:02.527+0000][4.059s] GC(5) Concurrent Cleanup for Next Mark
[2023-01-02T13:43:02.529+0000][4.062s] GC(5) Concurrent Cleanup for Next Mark 2.355ms
[2023-01-02T13:43:02.529+0000][4.062s] GC(5) Concurrent Cycle 23.408ms
[2023-01-02T13:43:03.555+0000][5.087s] GC(6) Pause Young (Normal) (G1 Evacuation Pause)
[2023-01-02T13:43:03.555+0000][5.087s] GC(6) Using 10 workers of 10 for evacuation
[2023-01-02T13:43:03.562+0000][5.094s] GC(6)   Pre Evacuate Collection Set: 0.0ms
[2023-01-02T13:43:03.562+0000][5.094s] GC(6)   Evacuate Collection Set: 5.8ms
[2023-01-02T13:43:03.562+0000][5.094s] GC(6)   Post Evacuate Collection Set: 1.1ms
[2023-01-02T13:43:03.562+0000][5.094s] GC(6)   Other: 0.2ms
[2023-01-02T13:43:03.562+0000][5.094s] GC(6) Eden regions: 139->0(263)
[2023-01-02T13:43:03.562+0000][5.094s] GC(6) Survivor regions: 8->13(19)
[2023-01-02T13:43:03.562+0000][5.094s] GC(6) Old regions: 21->21
[2023-01-02T13:43:03.562+0000][5.094s] GC(6) Humongous regions: 4->4
[2023-01-02T13:43:03.562+0000][5.094s] GC(6) Metaspace: 42451K(43852K)->42451K(43852K) NonClass: 37335K(38144K)->37335K(38144K) Class: 5115K(5708K)->5115K(5708K)
[2023-01-02T13:43:03.562+0000][5.094s] GC(6) Pause Young (Normal) (G1 Evacuation Pause) 169M->35M(512M) 7.268ms
[2023-01-02T13:43:03.562+0000][5.094s] GC(6) User=0.08s Sys=0.00s Real=0.01s
[2023-01-02T13:44:21.198+0000][82.730s] Heap
[2023-01-02T13:44:21.198+0000][82.730s]  garbage-first heap   total 524288K, used 119580K [0x00000000e0000000, 0x0000000100000000)
[2023-01-02T13:44:21.198+0000][82.730s]   region size 1024K, 96 young (98304K), 13 survivors (13312K)
[2023-01-02T13:44:21.198+0000][82.730s]  Metaspace       used 48393K, capacity 49652K, committed 49996K, reserved 1093632K
[2023-01-02T13:44:21.198+0000][82.730s]   class space    used 5903K, capacity 6405K, committed 6476K, reserved 1048576K
