[2023-01-02T13:54:29.280+0000][0.004s] Heap region size: 1M
[2023-01-02T13:54:29.442+0000][0.166s] Using G1
[2023-01-02T13:54:29.442+0000][0.166s] Heap address: 0x00000000e0000000, size: 512 MB, Compressed Oops mode: 32-bit
[2023-01-02T13:54:29.442+0000][0.166s] Mark closed archive regions in map: [0x00000000ffe00000, 0x00000000ffe65ff8]
[2023-01-02T13:54:29.443+0000][0.166s] Mark open archive regions in map: [0x00000000ffc00000, 0x00000000ffc41ff8]
[2023-01-02T13:54:29.995+0000][0.719s] GC(0) Pause Young (Normal) (G1 Evacuation Pause)
[2023-01-02T13:54:29.997+0000][0.721s] GC(0) Using 10 workers of 10 for evacuation
[2023-01-02T13:54:30.003+0000][0.726s] GC(0)   Pre Evacuate Collection Set: 0.0ms
[2023-01-02T13:54:30.003+0000][0.727s] GC(0)   Evacuate Collection Set: 4.6ms
[2023-01-02T13:54:30.003+0000][0.727s] GC(0)   Post Evacuate Collection Set: 0.9ms
[2023-01-02T13:54:30.003+0000][0.727s] GC(0)   Other: 1.9ms
[2023-01-02T13:54:30.003+0000][0.727s] GC(0) Eden regions: 30->0(303)
[2023-01-02T13:54:30.003+0000][0.727s] GC(0) Survivor regions: 0->4(4)
[2023-01-02T13:54:30.003+0000][0.727s] GC(0) Old regions: 2->2
[2023-01-02T13:54:30.003+0000][0.727s] GC(0) Humongous regions: 0->0
[2023-01-02T13:54:30.003+0000][0.727s] GC(0) Metaspace: 9186K(9856K)->9186K(9856K) NonClass: 8047K(8448K)->8047K(8448K) Class: 1138K(1408K)->1138K(1408K)
[2023-01-02T13:54:30.003+0000][0.727s] GC(0) Pause Young (Normal) (G1 Evacuation Pause) 30M->4M(512M) 7.460ms
[2023-01-02T13:54:30.003+0000][0.727s] GC(0) User=0.05s Sys=0.02s Real=0.01s
[2023-01-02T13:54:30.850+0000][1.574s] GC(1) Pause Young (Concurrent Start) (Metadata GC Threshold)
[2023-01-02T13:54:30.851+0000][1.574s] GC(1) Using 10 workers of 10 for evacuation
[2023-01-02T13:54:30.863+0000][1.587s] GC(1)   Pre Evacuate Collection Set: 0.1ms
[2023-01-02T13:54:30.863+0000][1.587s] GC(1)   Evacuate Collection Set: 10.6ms
[2023-01-02T13:54:30.863+0000][1.587s] GC(1)   Post Evacuate Collection Set: 1.3ms
[2023-01-02T13:54:30.863+0000][1.587s] GC(1)   Other: 0.3ms
[2023-01-02T13:54:30.863+0000][1.587s] GC(1) Eden regions: 86->0(82)
[2023-01-02T13:54:30.863+0000][1.587s] GC(1) Survivor regions: 4->20(39)
[2023-01-02T13:54:30.863+0000][1.587s] GC(1) Old regions: 2->2
[2023-01-02T13:54:30.863+0000][1.587s] GC(1) Humongous regions: 4->4
[2023-01-02T13:54:30.863+0000][1.587s] GC(1) Metaspace: 20377K(21248K)->20377K(21248K) NonClass: 17955K(18432K)->17955K(18432K) Class: 2422K(2816K)->2422K(2816K)
[2023-01-02T13:54:30.863+0000][1.587s] GC(1) Pause Young (Concurrent Start) (Metadata GC Threshold) 94M->23M(512M) 12.356ms
[2023-01-02T13:54:30.863+0000][1.587s] GC(1) User=0.06s Sys=0.00s Real=0.01s
[2023-01-02T13:54:30.863+0000][1.587s] GC(2) Concurrent Cycle
[2023-01-02T13:54:30.863+0000][1.587s] GC(2) Concurrent Clear Claimed Marks
[2023-01-02T13:54:30.863+0000][1.587s] GC(2) Concurrent Clear Claimed Marks 0.083ms
[2023-01-02T13:54:30.863+0000][1.587s] GC(2) Concurrent Scan Root Regions
[2023-01-02T13:54:30.866+0000][1.590s] GC(2) Concurrent Scan Root Regions 3.004ms
[2023-01-02T13:54:30.866+0000][1.590s] GC(2) Concurrent Mark (1.590s)
[2023-01-02T13:54:30.866+0000][1.590s] GC(2) Concurrent Mark From Roots
[2023-01-02T13:54:30.866+0000][1.590s] GC(2) Using 3 workers of 3 for marking
[2023-01-02T13:54:30.877+0000][1.601s] GC(2) Concurrent Mark From Roots 10.532ms
[2023-01-02T13:54:30.877+0000][1.601s] GC(2) Concurrent Preclean
[2023-01-02T13:54:30.877+0000][1.601s] GC(2) Concurrent Preclean 0.052ms
[2023-01-02T13:54:30.877+0000][1.601s] GC(2) Concurrent Mark (1.590s, 1.601s) 10.671ms
[2023-01-02T13:54:30.877+0000][1.601s] GC(2) Pause Remark
[2023-01-02T13:54:30.880+0000][1.604s] GC(2) Cleaned string and symbol table, strings: 8846 processed, 0 removed, symbols: 60261 processed, 40 removed
[2023-01-02T13:54:30.880+0000][1.604s] GC(2) Pause Remark 24M->24M(512M) 3.016ms
[2023-01-02T13:54:30.880+0000][1.604s] GC(2) User=0.02s Sys=0.01s Real=0.01s
[2023-01-02T13:54:30.880+0000][1.604s] GC(2) Concurrent Rebuild Remembered Sets
[2023-01-02T13:54:30.882+0000][1.606s] GC(2) Concurrent Rebuild Remembered Sets 1.384ms
[2023-01-02T13:54:30.882+0000][1.606s] GC(2) Pause Cleanup
[2023-01-02T13:54:30.882+0000][1.606s] GC(2) Pause Cleanup 24M->24M(512M) 0.291ms
[2023-01-02T13:54:30.882+0000][1.606s] GC(2) User=0.00s Sys=0.00s Real=0.00s
[2023-01-02T13:54:30.882+0000][1.606s] GC(2) Concurrent Cleanup for Next Mark
[2023-01-02T13:54:30.883+0000][1.607s] GC(2) Concurrent Cleanup for Next Mark 0.825ms
[2023-01-02T13:54:30.883+0000][1.607s] GC(2) Concurrent Cycle 20.591ms
[2023-01-02T13:54:31.726+0000][2.450s] GC(3) Pause Young (Normal) (G1 Evacuation Pause)
[2023-01-02T13:54:31.726+0000][2.450s] GC(3) Using 10 workers of 10 for evacuation
[2023-01-02T13:54:31.735+0000][2.459s] GC(3)   Pre Evacuate Collection Set: 0.0ms
[2023-01-02T13:54:31.735+0000][2.459s] GC(3)   Evacuate Collection Set: 7.9ms
[2023-01-02T13:54:31.735+0000][2.459s] GC(3)   Post Evacuate Collection Set: 1.0ms
[2023-01-02T13:54:31.735+0000][2.459s] GC(3)   Other: 0.2ms
[2023-01-02T13:54:31.735+0000][2.459s] GC(3) Eden regions: 76->0(117)
[2023-01-02T13:54:31.735+0000][2.459s] GC(3) Survivor regions: 20->5(12)
[2023-01-02T13:54:31.735+0000][2.459s] GC(3) Old regions: 2->21
[2023-01-02T13:54:31.735+0000][2.459s] GC(3) Humongous regions: 4->4
[2023-01-02T13:54:31.735+0000][2.459s] GC(3) Metaspace: 29638K(30848K)->29638K(30848K) NonClass: 26094K(26880K)->26094K(26880K) Class: 3543K(3968K)->3543K(3968K)
[2023-01-02T13:54:31.735+0000][2.459s] GC(3) Pause Young (Normal) (G1 Evacuation Pause) 99M->28M(512M) 9.212ms
[2023-01-02T13:54:31.735+0000][2.459s] GC(3) User=0.08s Sys=0.00s Real=0.01s
[2023-01-02T13:54:32.117+0000][2.841s] GC(4) Pause Young (Concurrent Start) (Metadata GC Threshold)
[2023-01-02T13:54:32.117+0000][2.841s] GC(4) Using 10 workers of 10 for evacuation
[2023-01-02T13:54:32.123+0000][2.846s] GC(4)   Pre Evacuate Collection Set: 0.1ms
[2023-01-02T13:54:32.123+0000][2.846s] GC(4)   Evacuate Collection Set: 4.3ms
[2023-01-02T13:54:32.123+0000][2.846s] GC(4)   Post Evacuate Collection Set: 1.0ms
[2023-01-02T13:54:32.123+0000][2.846s] GC(4)   Other: 0.2ms
[2023-01-02T13:54:32.123+0000][2.847s] GC(4) Eden regions: 56->0(119)
[2023-01-02T13:54:32.123+0000][2.847s] GC(4) Survivor regions: 5->8(16)
[2023-01-02T13:54:32.123+0000][2.847s] GC(4) Old regions: 21->21
[2023-01-02T13:54:32.123+0000][2.847s] GC(4) Humongous regions: 5->4
[2023-01-02T13:54:32.123+0000][2.847s] GC(4) Metaspace: 34668K(35840K)->34668K(35840K) NonClass: 30462K(31232K)->30462K(31232K) Class: 4206K(4608K)->4206K(4608K)
[2023-01-02T13:54:32.123+0000][2.847s] GC(4) Pause Young (Concurrent Start) (Metadata GC Threshold) 85M->30M(512M) 5.662ms
[2023-01-02T13:54:32.123+0000][2.847s] GC(4) User=0.05s Sys=0.00s Real=0.01s
[2023-01-02T13:54:32.123+0000][2.847s] GC(5) Concurrent Cycle
[2023-01-02T13:54:32.123+0000][2.847s] GC(5) Concurrent Clear Claimed Marks
[2023-01-02T13:54:32.123+0000][2.847s] GC(5) Concurrent Clear Claimed Marks 0.145ms
[2023-01-02T13:54:32.123+0000][2.847s] GC(5) Concurrent Scan Root Regions
[2023-01-02T13:54:32.125+0000][2.849s] GC(5) Concurrent Scan Root Regions 1.742ms
[2023-01-02T13:54:32.125+0000][2.849s] GC(5) Concurrent Mark (2.849s)
[2023-01-02T13:54:32.125+0000][2.849s] GC(5) Concurrent Mark From Roots
[2023-01-02T13:54:32.125+0000][2.849s] GC(5) Using 3 workers of 3 for marking
[2023-01-02T13:54:32.133+0000][2.857s] GC(5) Concurrent Mark From Roots 8.469ms
[2023-01-02T13:54:32.133+0000][2.857s] GC(5) Concurrent Preclean
[2023-01-02T13:54:32.133+0000][2.857s] GC(5) Concurrent Preclean 0.114ms
[2023-01-02T13:54:32.133+0000][2.857s] GC(5) Concurrent Mark (2.849s, 2.857s) 8.687ms
[2023-01-02T13:54:32.134+0000][2.858s] GC(5) Pause Remark
[2023-01-02T13:54:32.140+0000][2.864s] GC(5) Cleaned string and symbol table, strings: 15270 processed, 27 removed, symbols: 102905 processed, 74 removed
[2023-01-02T13:54:32.140+0000][2.864s] GC(5) Pause Remark 32M->32M(512M) 6.729ms
[2023-01-02T13:54:32.141+0000][2.864s] GC(5) User=0.07s Sys=0.00s Real=0.01s
[2023-01-02T13:54:32.141+0000][2.865s] GC(5) Concurrent Rebuild Remembered Sets
[2023-01-02T13:54:32.146+0000][2.869s] GC(5) Concurrent Rebuild Remembered Sets 4.970ms
[2023-01-02T13:54:32.146+0000][2.870s] GC(5) Pause Cleanup
[2023-01-02T13:54:32.146+0000][2.870s] GC(5) Pause Cleanup 32M->32M(512M) 0.237ms
[2023-01-02T13:54:32.146+0000][2.870s] GC(5) User=0.00s Sys=0.00s Real=0.00s
[2023-01-02T13:54:32.146+0000][2.870s] GC(5) Concurrent Cleanup for Next Mark
[2023-01-02T13:54:32.147+0000][2.871s] GC(5) Concurrent Cleanup for Next Mark 0.990ms
[2023-01-02T13:54:32.147+0000][2.871s] GC(5) Concurrent Cycle 24.722ms
[2023-01-02T13:54:32.879+0000][3.603s] GC(6) Pause Young (Normal) (G1 Evacuation Pause)
[2023-01-02T13:54:32.879+0000][3.603s] GC(6) Using 10 workers of 10 for evacuation
[2023-01-02T13:54:32.884+0000][3.608s] GC(6)   Pre Evacuate Collection Set: 0.0ms
[2023-01-02T13:54:32.885+0000][3.608s] GC(6)   Evacuate Collection Set: 4.1ms
[2023-01-02T13:54:32.885+0000][3.608s] GC(6)   Post Evacuate Collection Set: 1.0ms
[2023-01-02T13:54:32.885+0000][3.608s] GC(6)   Other: 0.3ms
[2023-01-02T13:54:32.885+0000][3.608s] GC(6) Eden regions: 125->0(295)
[2023-01-02T13:54:32.885+0000][3.608s] GC(6) Survivor regions: 8->12(17)
[2023-01-02T13:54:32.885+0000][3.608s] GC(6) Old regions: 21->21
[2023-01-02T13:54:32.885+0000][3.608s] GC(6) Humongous regions: 4->4
[2023-01-02T13:54:32.885+0000][3.608s] GC(6) Metaspace: 41247K(42572K)->41247K(42572K) NonClass: 36266K(37068K)->36266K(37068K) Class: 4981K(5504K)->4981K(5504K)
[2023-01-02T13:54:32.885+0000][3.608s] GC(6) Pause Young (Normal) (G1 Evacuation Pause) 155M->35M(512M) 5.526ms
[2023-01-02T13:54:32.885+0000][3.609s] GC(6) User=0.05s Sys=0.00s Real=0.00s
[2023-01-02T14:03:22.434+0000][533.158s] Heap
[2023-01-02T14:03:22.434+0000][533.158s]  garbage-first heap   total 524288K, used 294959K [0x00000000e0000000, 0x0000000100000000)
[2023-01-02T14:03:22.434+0000][533.158s]   region size 1024K, 267 young (273408K), 12 survivors (12288K)
[2023-01-02T14:03:22.434+0000][533.158s]  Metaspace       used 58261K, capacity 59700K, committed 59852K, reserved 1101824K
[2023-01-02T14:03:22.434+0000][533.158s]   class space    used 6837K, capacity 7420K, committed 7424K, reserved 1048576K
