[2023-01-02T14:06:44.936+0000][0.005s] Heap region size: 1M
[2023-01-02T14:06:45.064+0000][0.133s] Using G1
[2023-01-02T14:06:45.064+0000][0.133s] Heap address: 0x00000000e0000000, size: 512 MB, Compressed Oops mode: 32-bit
[2023-01-02T14:06:45.064+0000][0.133s] Mark closed archive regions in map: [0x00000000ffe00000, 0x00000000ffe65ff8]
[2023-01-02T14:06:45.064+0000][0.133s] Mark open archive regions in map: [0x00000000ffc00000, 0x00000000ffc41ff8]
[2023-01-02T14:06:45.670+0000][0.739s] GC(0) Pause Young (Normal) (G1 Evacuation Pause)
[2023-01-02T14:06:45.672+0000][0.741s] GC(0) Using 10 workers of 10 for evacuation
[2023-01-02T14:06:45.678+0000][0.747s] GC(0)   Pre Evacuate Collection Set: 0.0ms
[2023-01-02T14:06:45.678+0000][0.747s] GC(0)   Evacuate Collection Set: 5.3ms
[2023-01-02T14:06:45.678+0000][0.747s] GC(0)   Post Evacuate Collection Set: 0.9ms
[2023-01-02T14:06:45.678+0000][0.747s] GC(0)   Other: 1.4ms
[2023-01-02T14:06:45.678+0000][0.747s] GC(0) Eden regions: 30->0(303)
[2023-01-02T14:06:45.678+0000][0.747s] GC(0) Survivor regions: 0->4(4)
[2023-01-02T14:06:45.678+0000][0.747s] GC(0) Old regions: 2->2
[2023-01-02T14:06:45.678+0000][0.747s] GC(0) Humongous regions: 0->0
[2023-01-02T14:06:45.678+0000][0.747s] GC(0) Metaspace: 9170K(9856K)->9170K(9856K) NonClass: 8036K(8448K)->8036K(8448K) Class: 1134K(1408K)->1134K(1408K)
[2023-01-02T14:06:45.678+0000][0.747s] GC(0) Pause Young (Normal) (G1 Evacuation Pause) 30M->4M(512M) 7.798ms
[2023-01-02T14:06:45.678+0000][0.747s] GC(0) User=0.07s Sys=0.00s Real=0.01s
[2023-01-02T14:06:46.545+0000][1.614s] GC(1) Pause Young (Concurrent Start) (Metadata GC Threshold)
[2023-01-02T14:06:46.545+0000][1.614s] GC(1) Using 10 workers of 10 for evacuation
[2023-01-02T14:06:46.556+0000][1.625s] GC(1)   Pre Evacuate Collection Set: 0.1ms
[2023-01-02T14:06:46.556+0000][1.625s] GC(1)   Evacuate Collection Set: 8.5ms
[2023-01-02T14:06:46.556+0000][1.625s] GC(1)   Post Evacuate Collection Set: 1.9ms
[2023-01-02T14:06:46.556+0000][1.625s] GC(1)   Other: 0.3ms
[2023-01-02T14:06:46.556+0000][1.625s] GC(1) Eden regions: 85->0(82)
[2023-01-02T14:06:46.556+0000][1.625s] GC(1) Survivor regions: 4->20(39)
[2023-01-02T14:06:46.556+0000][1.625s] GC(1) Old regions: 2->2
[2023-01-02T14:06:46.556+0000][1.625s] GC(1) Humongous regions: 4->4
[2023-01-02T14:06:46.556+0000][1.625s] GC(1) Metaspace: 20363K(21248K)->20363K(21248K) NonClass: 17953K(18432K)->17953K(18432K) Class: 2410K(2816K)->2410K(2816K)
[2023-01-02T14:06:46.556+0000][1.625s] GC(1) Pause Young (Concurrent Start) (Metadata GC Threshold) 93M->23M(512M) 10.897ms
[2023-01-02T14:06:46.556+0000][1.625s] GC(1) User=0.07s Sys=0.00s Real=0.01s
[2023-01-02T14:06:46.556+0000][1.625s] GC(2) Concurrent Cycle
[2023-01-02T14:06:46.556+0000][1.625s] GC(2) Concurrent Clear Claimed Marks
[2023-01-02T14:06:46.557+0000][1.625s] GC(2) Concurrent Clear Claimed Marks 0.087ms
[2023-01-02T14:06:46.557+0000][1.625s] GC(2) Concurrent Scan Root Regions
[2023-01-02T14:06:46.559+0000][1.628s] GC(2) Concurrent Scan Root Regions 2.741ms
[2023-01-02T14:06:46.559+0000][1.628s] GC(2) Concurrent Mark (1.628s)
[2023-01-02T14:06:46.559+0000][1.628s] GC(2) Concurrent Mark From Roots
[2023-01-02T14:06:46.559+0000][1.628s] GC(2) Using 3 workers of 3 for marking
[2023-01-02T14:06:46.570+0000][1.639s] GC(2) Concurrent Mark From Roots 10.888ms
[2023-01-02T14:06:46.570+0000][1.639s] GC(2) Concurrent Preclean
[2023-01-02T14:06:46.570+0000][1.639s] GC(2) Concurrent Preclean 0.065ms
[2023-01-02T14:06:46.570+0000][1.639s] GC(2) Concurrent Mark (1.628s, 1.639s) 11.068ms
[2023-01-02T14:06:46.571+0000][1.640s] GC(2) Pause Remark
[2023-01-02T14:06:46.573+0000][1.642s] GC(2) Cleaned string and symbol table, strings: 8854 processed, 0 removed, symbols: 60071 processed, 40 removed
[2023-01-02T14:06:46.573+0000][1.642s] GC(2) Pause Remark 24M->24M(512M) 2.236ms
[2023-01-02T14:06:46.573+0000][1.642s] GC(2) User=0.01s Sys=0.00s Real=0.00s
[2023-01-02T14:06:46.573+0000][1.642s] GC(2) Concurrent Rebuild Remembered Sets
[2023-01-02T14:06:46.574+0000][1.643s] GC(2) Concurrent Rebuild Remembered Sets 1.269ms
[2023-01-02T14:06:46.575+0000][1.644s] GC(2) Pause Cleanup
[2023-01-02T14:06:46.575+0000][1.644s] GC(2) Pause Cleanup 24M->24M(512M) 0.280ms
[2023-01-02T14:06:46.575+0000][1.644s] GC(2) User=0.00s Sys=0.00s Real=0.00s
[2023-01-02T14:06:46.575+0000][1.644s] GC(2) Concurrent Cleanup for Next Mark
[2023-01-02T14:06:46.576+0000][1.645s] GC(2) Concurrent Cleanup for Next Mark 0.762ms
[2023-01-02T14:06:46.576+0000][1.645s] GC(2) Concurrent Cycle 19.630ms
[2023-01-02T14:06:47.365+0000][2.434s] GC(3) Pause Young (Normal) (G1 Evacuation Pause)
[2023-01-02T14:06:47.365+0000][2.434s] GC(3) Using 10 workers of 10 for evacuation
[2023-01-02T14:06:47.374+0000][2.443s] GC(3)   Pre Evacuate Collection Set: 0.0ms
[2023-01-02T14:06:47.374+0000][2.443s] GC(3)   Evacuate Collection Set: 8.2ms
[2023-01-02T14:06:47.374+0000][2.443s] GC(3)   Post Evacuate Collection Set: 1.1ms
[2023-01-02T14:06:47.374+0000][2.443s] GC(3)   Other: 0.1ms
[2023-01-02T14:06:47.374+0000][2.443s] GC(3) Eden regions: 75->0(116)
[2023-01-02T14:06:47.374+0000][2.443s] GC(3) Survivor regions: 20->5(12)
[2023-01-02T14:06:47.374+0000][2.443s] GC(3) Old regions: 2->21
[2023-01-02T14:06:47.374+0000][2.443s] GC(3) Humongous regions: 4->4
[2023-01-02T14:06:47.374+0000][2.443s] GC(3) Metaspace: 29615K(30848K)->29615K(30848K) NonClass: 26078K(26880K)->26078K(26880K) Class: 3536K(3968K)->3536K(3968K)
[2023-01-02T14:06:47.374+0000][2.443s] GC(3) Pause Young (Normal) (G1 Evacuation Pause) 98M->28M(512M) 9.638ms
[2023-01-02T14:06:47.374+0000][2.443s] GC(3) User=0.09s Sys=0.00s Real=0.01s
[2023-01-02T14:06:47.755+0000][2.824s] GC(4) Pause Young (Concurrent Start) (Metadata GC Threshold)
[2023-01-02T14:06:47.755+0000][2.824s] GC(4) Using 10 workers of 10 for evacuation
[2023-01-02T14:06:47.760+0000][2.829s] GC(4)   Pre Evacuate Collection Set: 0.1ms
[2023-01-02T14:06:47.761+0000][2.829s] GC(4)   Evacuate Collection Set: 4.1ms
[2023-01-02T14:06:47.761+0000][2.829s] GC(4)   Post Evacuate Collection Set: 1.0ms
[2023-01-02T14:06:47.761+0000][2.829s] GC(4)   Other: 0.2ms
[2023-01-02T14:06:47.761+0000][2.829s] GC(4) Eden regions: 57->0(134)
[2023-01-02T14:06:47.761+0000][2.829s] GC(4) Survivor regions: 5->8(16)
[2023-01-02T14:06:47.761+0000][2.829s] GC(4) Old regions: 21->21
[2023-01-02T14:06:47.761+0000][2.829s] GC(4) Humongous regions: 5->4
[2023-01-02T14:06:47.761+0000][2.829s] GC(4) Metaspace: 34744K(35840K)->34744K(35840K) NonClass: 30534K(31232K)->30534K(31232K) Class: 4209K(4608K)->4209K(4608K)
[2023-01-02T14:06:47.761+0000][2.829s] GC(4) Pause Young (Concurrent Start) (Metadata GC Threshold) 86M->30M(512M) 5.636ms
[2023-01-02T14:06:47.761+0000][2.830s] GC(4) User=0.03s Sys=0.00s Real=0.01s
[2023-01-02T14:06:47.761+0000][2.830s] GC(5) Concurrent Cycle
[2023-01-02T14:06:47.761+0000][2.830s] GC(5) Concurrent Clear Claimed Marks
[2023-01-02T14:06:47.761+0000][2.830s] GC(5) Concurrent Clear Claimed Marks 0.108ms
[2023-01-02T14:06:47.761+0000][2.830s] GC(5) Concurrent Scan Root Regions
[2023-01-02T14:06:47.762+0000][2.831s] GC(5) Concurrent Scan Root Regions 1.361ms
[2023-01-02T14:06:47.762+0000][2.831s] GC(5) Concurrent Mark (2.831s)
[2023-01-02T14:06:47.762+0000][2.831s] GC(5) Concurrent Mark From Roots
[2023-01-02T14:06:47.762+0000][2.831s] GC(5) Using 3 workers of 3 for marking
[2023-01-02T14:06:47.770+0000][2.839s] GC(5) Concurrent Mark From Roots 8.152ms
[2023-01-02T14:06:47.770+0000][2.839s] GC(5) Concurrent Preclean
[2023-01-02T14:06:47.771+0000][2.840s] GC(5) Concurrent Preclean 0.369ms
[2023-01-02T14:06:47.771+0000][2.840s] GC(5) Concurrent Mark (2.831s, 2.840s) 8.668ms
[2023-01-02T14:06:47.771+0000][2.840s] GC(5) Pause Remark
[2023-01-02T14:06:47.775+0000][2.844s] GC(5) Cleaned string and symbol table, strings: 15405 processed, 27 removed, symbols: 103381 processed, 73 removed
[2023-01-02T14:06:47.775+0000][2.844s] GC(5) Pause Remark 32M->32M(512M) 3.822ms
[2023-01-02T14:06:47.775+0000][2.844s] GC(5) User=0.03s Sys=0.00s Real=0.00s
[2023-01-02T14:06:47.775+0000][2.844s] GC(5) Concurrent Rebuild Remembered Sets
[2023-01-02T14:06:47.781+0000][2.850s] GC(5) Concurrent Rebuild Remembered Sets 5.421ms
[2023-01-02T14:06:47.781+0000][2.850s] GC(5) Pause Cleanup
[2023-01-02T14:06:47.781+0000][2.850s] GC(5) Pause Cleanup 32M->32M(512M) 0.244ms
[2023-01-02T14:06:47.782+0000][2.850s] GC(5) User=0.00s Sys=0.00s Real=0.00s
[2023-01-02T14:06:47.782+0000][2.851s] GC(5) Concurrent Cleanup for Next Mark
[2023-01-02T14:06:47.783+0000][2.851s] GC(5) Concurrent Cleanup for Next Mark 0.977ms
[2023-01-02T14:06:47.783+0000][2.852s] GC(5) Concurrent Cycle 22.020ms
[2023-01-02T14:06:48.661+0000][3.730s] GC(6) Pause Young (Normal) (G1 Evacuation Pause)
[2023-01-02T14:06:48.661+0000][3.730s] GC(6) Using 10 workers of 10 for evacuation
[2023-01-02T14:06:48.667+0000][3.736s] GC(6)   Pre Evacuate Collection Set: 0.0ms
[2023-01-02T14:06:48.667+0000][3.736s] GC(6)   Evacuate Collection Set: 4.8ms
[2023-01-02T14:06:48.667+0000][3.736s] GC(6)   Post Evacuate Collection Set: 1.1ms
[2023-01-02T14:06:48.667+0000][3.736s] GC(6)   Other: 0.3ms
[2023-01-02T14:06:48.667+0000][3.736s] GC(6) Eden regions: 134->0(294)
[2023-01-02T14:06:48.667+0000][3.736s] GC(6) Survivor regions: 8->13(18)
[2023-01-02T14:06:48.667+0000][3.736s] GC(6) Old regions: 21->21
[2023-01-02T14:06:48.667+0000][3.736s] GC(6) Humongous regions: 4->4
[2023-01-02T14:06:48.667+0000][3.736s] GC(6) Metaspace: 42080K(43468K)->42080K(43468K) NonClass: 37018K(37888K)->37018K(37888K) Class: 5062K(5580K)->5062K(5580K)
[2023-01-02T14:06:48.667+0000][3.736s] GC(6) Pause Young (Normal) (G1 Evacuation Pause) 164M->35M(512M) 6.319ms
[2023-01-02T14:06:48.667+0000][3.736s] GC(6) User=0.04s Sys=0.01s Real=0.01s
[2023-01-02T14:12:05.602+0000][320.672s] Heap
[2023-01-02T14:12:05.603+0000][320.672s]  garbage-first heap   total 524288K, used 168698K [0x00000000e0000000, 0x0000000100000000)
[2023-01-02T14:12:05.603+0000][320.672s]   region size 1024K, 144 young (147456K), 13 survivors (13312K)
[2023-01-02T14:12:05.603+0000][320.672s]  Metaspace       used 54042K, capacity 55479K, committed 55628K, reserved 1097728K
[2023-01-02T14:12:05.603+0000][320.672s]   class space    used 6615K, capacity 7206K, committed 7244K, reserved 1048576K
