[2023-01-02T13:44:25.545+0000][0.004s] Heap region size: 1M
[2023-01-02T13:44:25.725+0000][0.184s] Using G1
[2023-01-02T13:44:25.725+0000][0.184s] Heap address: 0x00000000e0000000, size: 512 MB, Compressed Oops mode: 32-bit
[2023-01-02T13:44:25.725+0000][0.184s] Mark closed archive regions in map: [0x00000000ffe00000, 0x00000000ffe65ff8]
[2023-01-02T13:44:25.725+0000][0.184s] Mark open archive regions in map: [0x00000000ffc00000, 0x00000000ffc41ff8]
[2023-01-02T13:44:26.612+0000][1.070s] GC(0) Pause Young (Normal) (G1 Evacuation Pause)
[2023-01-02T13:44:26.613+0000][1.072s] GC(0) Using 10 workers of 10 for evacuation
[2023-01-02T13:44:26.619+0000][1.078s] GC(0)   Pre Evacuate Collection Set: 0.0ms
[2023-01-02T13:44:26.619+0000][1.078s] GC(0)   Evacuate Collection Set: 4.7ms
[2023-01-02T13:44:26.619+0000][1.078s] GC(0)   Post Evacuate Collection Set: 1.0ms
[2023-01-02T13:44:26.619+0000][1.078s] GC(0)   Other: 1.6ms
[2023-01-02T13:44:26.619+0000][1.078s] GC(0) Eden regions: 30->0(303)
[2023-01-02T13:44:26.619+0000][1.078s] GC(0) Survivor regions: 0->4(4)
[2023-01-02T13:44:26.619+0000][1.078s] GC(0) Old regions: 2->2
[2023-01-02T13:44:26.619+0000][1.078s] GC(0) Humongous regions: 0->0
[2023-01-02T13:44:26.619+0000][1.078s] GC(0) Metaspace: 9134K(9856K)->9134K(9856K) NonClass: 8003K(8448K)->8003K(8448K) Class: 1131K(1408K)->1131K(1408K)
[2023-01-02T13:44:26.619+0000][1.078s] GC(0) Pause Young (Normal) (G1 Evacuation Pause) 30M->4M(512M) 7.315ms
[2023-01-02T13:44:26.619+0000][1.078s] GC(0) User=0.06s Sys=0.00s Real=0.01s
[2023-01-02T13:44:27.527+0000][1.986s] GC(1) Pause Young (Concurrent Start) (Metadata GC Threshold)
[2023-01-02T13:44:27.527+0000][1.986s] GC(1) Using 10 workers of 10 for evacuation
[2023-01-02T13:44:27.539+0000][1.997s] GC(1)   Pre Evacuate Collection Set: 0.1ms
[2023-01-02T13:44:27.539+0000][1.998s] GC(1)   Evacuate Collection Set: 9.7ms
[2023-01-02T13:44:27.539+0000][1.998s] GC(1)   Post Evacuate Collection Set: 1.1ms
[2023-01-02T13:44:27.539+0000][1.998s] GC(1)   Other: 0.3ms
[2023-01-02T13:44:27.539+0000][1.998s] GC(1) Eden regions: 85->0(81)
[2023-01-02T13:44:27.539+0000][1.998s] GC(1) Survivor regions: 4->19(39)
[2023-01-02T13:44:27.539+0000][1.998s] GC(1) Old regions: 2->2
[2023-01-02T13:44:27.539+0000][1.998s] GC(1) Humongous regions: 4->4
[2023-01-02T13:44:27.539+0000][1.998s] GC(1) Metaspace: 20383K(21248K)->20383K(21248K) NonClass: 17965K(18432K)->17965K(18432K) Class: 2418K(2816K)->2418K(2816K)
[2023-01-02T13:44:27.539+0000][1.998s] GC(1) Pause Young (Concurrent Start) (Metadata GC Threshold) 93M->23M(512M) 11.293ms
[2023-01-02T13:44:27.539+0000][1.998s] GC(1) User=0.07s Sys=0.00s Real=0.01s
[2023-01-02T13:44:27.539+0000][1.998s] GC(2) Concurrent Cycle
[2023-01-02T13:44:27.539+0000][1.998s] GC(2) Concurrent Clear Claimed Marks
[2023-01-02T13:44:27.539+0000][1.998s] GC(2) Concurrent Clear Claimed Marks 0.121ms
[2023-01-02T13:44:27.539+0000][1.998s] GC(2) Concurrent Scan Root Regions
[2023-01-02T13:44:27.542+0000][2.000s] GC(2) Concurrent Scan Root Regions 2.531ms
[2023-01-02T13:44:27.542+0000][2.001s] GC(2) Concurrent Mark (2.001s)
[2023-01-02T13:44:27.542+0000][2.001s] GC(2) Concurrent Mark From Roots
[2023-01-02T13:44:27.542+0000][2.001s] GC(2) Using 3 workers of 3 for marking
[2023-01-02T13:44:27.552+0000][2.011s] GC(2) Concurrent Mark From Roots 10.029ms
[2023-01-02T13:44:27.552+0000][2.011s] GC(2) Concurrent Preclean
[2023-01-02T13:44:27.552+0000][2.011s] GC(2) Concurrent Preclean 0.051ms
[2023-01-02T13:44:27.552+0000][2.011s] GC(2) Concurrent Mark (2.001s, 2.011s) 10.180ms
[2023-01-02T13:44:27.552+0000][2.011s] GC(2) Pause Remark
[2023-01-02T13:44:27.554+0000][2.013s] GC(2) Cleaned string and symbol table, strings: 8854 processed, 0 removed, symbols: 60286 processed, 40 removed
[2023-01-02T13:44:27.554+0000][2.013s] GC(2) Pause Remark 24M->24M(512M) 2.137ms
[2023-01-02T13:44:27.554+0000][2.013s] GC(2) User=0.02s Sys=0.01s Real=0.00s
[2023-01-02T13:44:27.554+0000][2.013s] GC(2) Concurrent Rebuild Remembered Sets
[2023-01-02T13:44:27.556+0000][2.015s] GC(2) Concurrent Rebuild Remembered Sets 1.189ms
[2023-01-02T13:44:27.556+0000][2.015s] GC(2) Pause Cleanup
[2023-01-02T13:44:27.556+0000][2.015s] GC(2) Pause Cleanup 24M->24M(512M) 0.263ms
[2023-01-02T13:44:27.556+0000][2.015s] GC(2) User=0.00s Sys=0.00s Real=0.00s
[2023-01-02T13:44:27.556+0000][2.015s] GC(2) Concurrent Cleanup for Next Mark
[2023-01-02T13:44:27.557+0000][2.016s] GC(2) Concurrent Cleanup for Next Mark 0.849ms
[2023-01-02T13:44:27.557+0000][2.016s] GC(2) Concurrent Cycle 18.559ms
[2023-01-02T13:44:28.334+0000][2.793s] GC(3) Pause Young (Normal) (G1 Evacuation Pause)
[2023-01-02T13:44:28.334+0000][2.793s] GC(3) Using 10 workers of 10 for evacuation
[2023-01-02T13:44:28.347+0000][2.806s] GC(3)   Pre Evacuate Collection Set: 0.0ms
[2023-01-02T13:44:28.347+0000][2.806s] GC(3)   Evacuate Collection Set: 12.4ms
[2023-01-02T13:44:28.347+0000][2.806s] GC(3)   Post Evacuate Collection Set: 1.0ms
[2023-01-02T13:44:28.347+0000][2.806s] GC(3)   Other: 0.2ms
[2023-01-02T13:44:28.347+0000][2.806s] GC(3) Eden regions: 75->0(107)
[2023-01-02T13:44:28.347+0000][2.806s] GC(3) Survivor regions: 19->5(12)
[2023-01-02T13:44:28.347+0000][2.806s] GC(3) Old regions: 2->21
[2023-01-02T13:44:28.347+0000][2.806s] GC(3) Humongous regions: 4->4
[2023-01-02T13:44:28.347+0000][2.806s] GC(3) Metaspace: 28517K(29568K)->28517K(29568K) NonClass: 25123K(25856K)->25123K(25856K) Class: 3394K(3712K)->3394K(3712K)
[2023-01-02T13:44:28.347+0000][2.806s] GC(3) Pause Young (Normal) (G1 Evacuation Pause) 98M->27M(512M) 13.659ms
[2023-01-02T13:44:28.347+0000][2.806s] GC(3) User=0.15s Sys=0.01s Real=0.02s
[2023-01-02T13:44:28.851+0000][3.309s] GC(4) Pause Young (Concurrent Start) (Metadata GC Threshold)
[2023-01-02T13:44:28.851+0000][3.310s] GC(4) Using 10 workers of 10 for evacuation
[2023-01-02T13:44:28.857+0000][3.316s] GC(4)   Pre Evacuate Collection Set: 0.1ms
[2023-01-02T13:44:28.857+0000][3.316s] GC(4)   Evacuate Collection Set: 4.6ms
[2023-01-02T13:44:28.857+0000][3.316s] GC(4)   Post Evacuate Collection Set: 1.4ms
[2023-01-02T13:44:28.857+0000][3.316s] GC(4)   Other: 0.3ms
[2023-01-02T13:44:28.857+0000][3.316s] GC(4) Eden regions: 69->0(140)
[2023-01-02T13:44:28.857+0000][3.316s] GC(4) Survivor regions: 5->8(14)
[2023-01-02T13:44:28.857+0000][3.316s] GC(4) Old regions: 21->21
[2023-01-02T13:44:28.857+0000][3.316s] GC(4) Humongous regions: 5->4
[2023-01-02T13:44:28.857+0000][3.316s] GC(4) Metaspace: 34674K(35840K)->34674K(35840K) NonClass: 30472K(31232K)->30472K(31232K) Class: 4202K(4608K)->4202K(4608K)
[2023-01-02T13:44:28.857+0000][3.316s] GC(4) Pause Young (Concurrent Start) (Metadata GC Threshold) 97M->30M(512M) 6.449ms
[2023-01-02T13:44:28.857+0000][3.316s] GC(4) User=0.03s Sys=0.00s Real=0.00s
[2023-01-02T13:44:28.857+0000][3.316s] GC(5) Concurrent Cycle
[2023-01-02T13:44:28.857+0000][3.316s] GC(5) Concurrent Clear Claimed Marks
[2023-01-02T13:44:28.857+0000][3.316s] GC(5) Concurrent Clear Claimed Marks 0.148ms
[2023-01-02T13:44:28.857+0000][3.316s] GC(5) Concurrent Scan Root Regions
[2023-01-02T13:44:28.859+0000][3.318s] GC(5) Concurrent Scan Root Regions 1.437ms
[2023-01-02T13:44:28.859+0000][3.318s] GC(5) Concurrent Mark (3.318s)
[2023-01-02T13:44:28.859+0000][3.318s] GC(5) Concurrent Mark From Roots
[2023-01-02T13:44:28.859+0000][3.318s] GC(5) Using 3 workers of 3 for marking
[2023-01-02T13:44:28.868+0000][3.327s] GC(5) Concurrent Mark From Roots 9.519ms
[2023-01-02T13:44:28.868+0000][3.327s] GC(5) Concurrent Preclean
[2023-01-02T13:44:28.869+0000][3.328s] GC(5) Concurrent Preclean 0.130ms
[2023-01-02T13:44:28.869+0000][3.328s] GC(5) Concurrent Mark (3.318s, 3.328s) 9.773ms
[2023-01-02T13:44:28.869+0000][3.328s] GC(5) Pause Remark
[2023-01-02T13:44:28.872+0000][3.331s] GC(5) Cleaned string and symbol table, strings: 15256 processed, 27 removed, symbols: 102944 processed, 72 removed
[2023-01-02T13:44:28.873+0000][3.332s] GC(5) Pause Remark 32M->32M(512M) 3.768ms
[2023-01-02T13:44:28.873+0000][3.332s] GC(5) User=0.03s Sys=0.01s Real=0.00s
[2023-01-02T13:44:28.873+0000][3.332s] GC(5) Concurrent Rebuild Remembered Sets
[2023-01-02T13:44:28.878+0000][3.337s] GC(5) Concurrent Rebuild Remembered Sets 5.221ms
[2023-01-02T13:44:28.879+0000][3.338s] GC(5) Pause Cleanup
[2023-01-02T13:44:28.879+0000][3.338s] GC(5) Pause Cleanup 32M->32M(512M) 0.296ms
[2023-01-02T13:44:28.879+0000][3.338s] GC(5) User=0.00s Sys=0.00s Real=0.00s
[2023-01-02T13:44:28.879+0000][3.338s] GC(5) Concurrent Cleanup for Next Mark
[2023-01-02T13:44:28.880+0000][3.339s] GC(5) Concurrent Cleanup for Next Mark 1.087ms
[2023-01-02T13:44:28.880+0000][3.339s] GC(5) Concurrent Cycle 23.256ms
[2023-01-02T13:44:29.831+0000][4.290s] GC(6) Pause Young (Normal) (G1 Evacuation Pause)
[2023-01-02T13:44:29.831+0000][4.290s] GC(6) Using 10 workers of 10 for evacuation
[2023-01-02T13:44:29.839+0000][4.298s] GC(6)   Pre Evacuate Collection Set: 0.0ms
[2023-01-02T13:44:29.839+0000][4.298s] GC(6)   Evacuate Collection Set: 6.6ms
[2023-01-02T13:44:29.839+0000][4.298s] GC(6)   Post Evacuate Collection Set: 1.0ms
[2023-01-02T13:44:29.839+0000][4.298s] GC(6)   Other: 0.4ms
[2023-01-02T13:44:29.839+0000][4.298s] GC(6) Eden regions: 147->0(281)
[2023-01-02T13:44:29.839+0000][4.298s] GC(6) Survivor regions: 8->14(20)
[2023-01-02T13:44:29.839+0000][4.298s] GC(6) Old regions: 21->21
[2023-01-02T13:44:29.839+0000][4.298s] GC(6) Humongous regions: 4->4
[2023-01-02T13:44:29.839+0000][4.298s] GC(6) Metaspace: 43753K(45132K)->43753K(45132K) NonClass: 38488K(39372K)->38488K(39372K) Class: 5264K(5760K)->5264K(5760K)
[2023-01-02T13:44:29.839+0000][4.298s] GC(6) Pause Young (Normal) (G1 Evacuation Pause) 177M->36M(512M) 8.099ms
[2023-01-02T13:44:29.839+0000][4.298s] GC(6) User=0.08s Sys=0.00s Real=0.01s
[2023-01-02T13:49:23.879+0000][298.338s] Heap
[2023-01-02T13:49:23.879+0000][298.338s]  garbage-first heap   total 524288K, used 134128K [0x00000000e0000000, 0x0000000100000000)
[2023-01-02T13:49:23.879+0000][298.338s]   region size 1024K, 109 young (111616K), 14 survivors (14336K)
[2023-01-02T13:49:23.879+0000][298.338s]  Metaspace       used 48526K, capacity 49827K, committed 49868K, reserved 1093632K
[2023-01-02T13:49:23.879+0000][298.338s]   class space    used 5851K, capacity 6375K, committed 6400K, reserved 1048576K
