[2023-01-02T13:51:27.062+0000][0.004s] Heap region size: 1M
[2023-01-02T13:51:27.205+0000][0.147s] Using G1
[2023-01-02T13:51:27.205+0000][0.147s] Heap address: 0x00000000e0000000, size: 512 MB, Compressed Oops mode: 32-bit
[2023-01-02T13:51:27.205+0000][0.147s] Mark closed archive regions in map: [0x00000000ffe00000, 0x00000000ffe65ff8]
[2023-01-02T13:51:27.205+0000][0.147s] Mark open archive regions in map: [0x00000000ffc00000, 0x00000000ffc41ff8]
[2023-01-02T13:51:27.838+0000][0.780s] GC(0) Pause Young (Normal) (G1 Evacuation Pause)
[2023-01-02T13:51:27.840+0000][0.782s] GC(0) Using 10 workers of 10 for evacuation
[2023-01-02T13:51:27.846+0000][0.789s] GC(0)   Pre Evacuate Collection Set: 0.0ms
[2023-01-02T13:51:27.846+0000][0.789s] GC(0)   Evacuate Collection Set: 5.6ms
[2023-01-02T13:51:27.846+0000][0.789s] GC(0)   Post Evacuate Collection Set: 0.9ms
[2023-01-02T13:51:27.846+0000][0.789s] GC(0)   Other: 1.9ms
[2023-01-02T13:51:27.846+0000][0.789s] GC(0) Eden regions: 30->0(303)
[2023-01-02T13:51:27.846+0000][0.789s] GC(0) Survivor regions: 0->4(4)
[2023-01-02T13:51:27.846+0000][0.789s] GC(0) Old regions: 2->2
[2023-01-02T13:51:27.846+0000][0.789s] GC(0) Humongous regions: 0->0
[2023-01-02T13:51:27.846+0000][0.789s] GC(0) Metaspace: 9101K(9856K)->9101K(9856K) NonClass: 7971K(8448K)->7971K(8448K) Class: 1129K(1408K)->1129K(1408K)
[2023-01-02T13:51:27.846+0000][0.789s] GC(0) Pause Young (Normal) (G1 Evacuation Pause) 30M->4M(512M) 8.442ms
[2023-01-02T13:51:27.846+0000][0.789s] GC(0) User=0.05s Sys=0.01s Real=0.00s
[2023-01-02T13:51:28.667+0000][1.610s] GC(1) Pause Young (Concurrent Start) (Metadata GC Threshold)
[2023-01-02T13:51:28.668+0000][1.610s] GC(1) Using 10 workers of 10 for evacuation
[2023-01-02T13:51:28.677+0000][1.619s] GC(1)   Pre Evacuate Collection Set: 0.1ms
[2023-01-02T13:51:28.677+0000][1.619s] GC(1)   Evacuate Collection Set: 7.8ms
[2023-01-02T13:51:28.677+0000][1.619s] GC(1)   Post Evacuate Collection Set: 1.1ms
[2023-01-02T13:51:28.677+0000][1.619s] GC(1)   Other: 0.3ms
[2023-01-02T13:51:28.677+0000][1.619s] GC(1) Eden regions: 86->0(82)
[2023-01-02T13:51:28.677+0000][1.619s] GC(1) Survivor regions: 4->20(39)
[2023-01-02T13:51:28.677+0000][1.619s] GC(1) Old regions: 2->2
[2023-01-02T13:51:28.677+0000][1.619s] GC(1) Humongous regions: 4->4
[2023-01-02T13:51:28.677+0000][1.619s] GC(1) Metaspace: 20368K(21248K)->20368K(21248K) NonClass: 17950K(18432K)->17950K(18432K) Class: 2418K(2816K)->2418K(2816K)
[2023-01-02T13:51:28.677+0000][1.619s] GC(1) Pause Young (Concurrent Start) (Metadata GC Threshold) 94M->23M(512M) 9.468ms
[2023-01-02T13:51:28.677+0000][1.619s] GC(1) User=0.06s Sys=0.01s Real=0.01s
[2023-01-02T13:51:28.677+0000][1.620s] GC(2) Concurrent Cycle
[2023-01-02T13:51:28.677+0000][1.620s] GC(2) Concurrent Clear Claimed Marks
[2023-01-02T13:51:28.677+0000][1.620s] GC(2) Concurrent Clear Claimed Marks 0.076ms
[2023-01-02T13:51:28.677+0000][1.620s] GC(2) Concurrent Scan Root Regions
[2023-01-02T13:51:28.680+0000][1.623s] GC(2) Concurrent Scan Root Regions 2.902ms
[2023-01-02T13:51:28.680+0000][1.623s] GC(2) Concurrent Mark (1.623s)
[2023-01-02T13:51:28.680+0000][1.623s] GC(2) Concurrent Mark From Roots
[2023-01-02T13:51:28.680+0000][1.623s] GC(2) Using 3 workers of 3 for marking
[2023-01-02T13:51:28.691+0000][1.633s] GC(2) Concurrent Mark From Roots 10.527ms
[2023-01-02T13:51:28.691+0000][1.633s] GC(2) Concurrent Preclean
[2023-01-02T13:51:28.691+0000][1.633s] GC(2) Concurrent Preclean 0.053ms
[2023-01-02T13:51:28.691+0000][1.633s] GC(2) Concurrent Mark (1.623s, 1.633s) 10.655ms
[2023-01-02T13:51:28.691+0000][1.634s] GC(2) Pause Remark
[2023-01-02T13:51:28.693+0000][1.636s] GC(2) Cleaned string and symbol table, strings: 8855 processed, 0 removed, symbols: 60286 processed, 40 removed
[2023-01-02T13:51:28.694+0000][1.636s] GC(2) Pause Remark 24M->24M(512M) 2.586ms
[2023-01-02T13:51:28.694+0000][1.636s] GC(2) User=0.02s Sys=0.00s Real=0.00s
[2023-01-02T13:51:28.694+0000][1.636s] GC(2) Concurrent Rebuild Remembered Sets
[2023-01-02T13:51:28.695+0000][1.638s] GC(2) Concurrent Rebuild Remembered Sets 1.174ms
[2023-01-02T13:51:28.695+0000][1.638s] GC(2) Pause Cleanup
[2023-01-02T13:51:28.696+0000][1.638s] GC(2) Pause Cleanup 24M->24M(512M) 0.328ms
[2023-01-02T13:51:28.696+0000][1.638s] GC(2) User=0.00s Sys=0.00s Real=0.00s
[2023-01-02T13:51:28.696+0000][1.638s] GC(2) Concurrent Cleanup for Next Mark
[2023-01-02T13:51:28.697+0000][1.639s] GC(2) Concurrent Cleanup for Next Mark 0.825ms
[2023-01-02T13:51:28.697+0000][1.639s] GC(2) Concurrent Cycle 19.891ms
[2023-01-02T13:51:29.716+0000][2.659s] GC(3) Pause Young (Normal) (G1 Evacuation Pause)
[2023-01-02T13:51:29.716+0000][2.659s] GC(3) Using 10 workers of 10 for evacuation
[2023-01-02T13:51:29.727+0000][2.670s] GC(3)   Pre Evacuate Collection Set: 0.0ms
[2023-01-02T13:51:29.727+0000][2.670s] GC(3)   Evacuate Collection Set: 9.4ms
[2023-01-02T13:51:29.727+0000][2.670s] GC(3)   Post Evacuate Collection Set: 1.6ms
[2023-01-02T13:51:29.727+0000][2.670s] GC(3)   Other: 0.2ms
[2023-01-02T13:51:29.727+0000][2.670s] GC(3) Eden regions: 75->0(117)
[2023-01-02T13:51:29.727+0000][2.670s] GC(3) Survivor regions: 20->5(12)
[2023-01-02T13:51:29.727+0000][2.670s] GC(3) Old regions: 2->21
[2023-01-02T13:51:29.727+0000][2.670s] GC(3) Humongous regions: 4->4
[2023-01-02T13:51:29.727+0000][2.670s] GC(3) Metaspace: 29494K(30592K)->29494K(30592K) NonClass: 25968K(26624K)->25968K(26624K) Class: 3525K(3968K)->3525K(3968K)
[2023-01-02T13:51:29.727+0000][2.670s] GC(3) Pause Young (Normal) (G1 Evacuation Pause) 98M->27M(512M) 11.271ms
[2023-01-02T13:51:29.727+0000][2.670s] GC(3) User=0.08s Sys=0.01s Real=0.02s
[2023-01-02T13:51:30.183+0000][3.125s] GC(4) Pause Young (Concurrent Start) (Metadata GC Threshold)
[2023-01-02T13:51:30.183+0000][3.125s] GC(4) Using 10 workers of 10 for evacuation
[2023-01-02T13:51:30.188+0000][3.131s] GC(4)   Pre Evacuate Collection Set: 0.1ms
[2023-01-02T13:51:30.188+0000][3.131s] GC(4)   Evacuate Collection Set: 4.1ms
[2023-01-02T13:51:30.188+0000][3.131s] GC(4)   Post Evacuate Collection Set: 1.0ms
[2023-01-02T13:51:30.188+0000][3.131s] GC(4)   Other: 0.4ms
[2023-01-02T13:51:30.188+0000][3.131s] GC(4) Eden regions: 59->0(137)
[2023-01-02T13:51:30.188+0000][3.131s] GC(4) Survivor regions: 5->8(16)
[2023-01-02T13:51:30.188+0000][3.131s] GC(4) Old regions: 21->21
[2023-01-02T13:51:30.188+0000][3.131s] GC(4) Humongous regions: 5->4
[2023-01-02T13:51:30.188+0000][3.131s] GC(4) Metaspace: 34689K(35840K)->34689K(35840K) NonClass: 30482K(31232K)->30482K(31232K) Class: 4207K(4608K)->4207K(4608K)
[2023-01-02T13:51:30.188+0000][3.131s] GC(4) Pause Young (Concurrent Start) (Metadata GC Threshold) 87M->30M(512M) 5.611ms
[2023-01-02T13:51:30.188+0000][3.131s] GC(4) User=0.03s Sys=0.00s Real=0.01s
[2023-01-02T13:51:30.188+0000][3.131s] GC(5) Concurrent Cycle
[2023-01-02T13:51:30.188+0000][3.131s] GC(5) Concurrent Clear Claimed Marks
[2023-01-02T13:51:30.188+0000][3.131s] GC(5) Concurrent Clear Claimed Marks 0.091ms
[2023-01-02T13:51:30.188+0000][3.131s] GC(5) Concurrent Scan Root Regions
[2023-01-02T13:51:30.190+0000][3.132s] GC(5) Concurrent Scan Root Regions 1.443ms
[2023-01-02T13:51:30.190+0000][3.132s] GC(5) Concurrent Mark (3.132s)
[2023-01-02T13:51:30.190+0000][3.132s] GC(5) Concurrent Mark From Roots
[2023-01-02T13:51:30.190+0000][3.132s] GC(5) Using 3 workers of 3 for marking
[2023-01-02T13:51:30.198+0000][3.141s] GC(5) Concurrent Mark From Roots 8.547ms
[2023-01-02T13:51:30.199+0000][3.141s] GC(5) Concurrent Preclean
[2023-01-02T13:51:30.199+0000][3.141s] GC(5) Concurrent Preclean 0.149ms
[2023-01-02T13:51:30.199+0000][3.141s] GC(5) Concurrent Mark (3.132s, 3.141s) 8.824ms
[2023-01-02T13:51:30.199+0000][3.142s] GC(5) Pause Remark
[2023-01-02T13:51:30.202+0000][3.145s] GC(5) Cleaned string and symbol table, strings: 15277 processed, 27 removed, symbols: 102932 processed, 72 removed
[2023-01-02T13:51:30.203+0000][3.145s] GC(5) Pause Remark 32M->32M(512M) 3.889ms
[2023-01-02T13:51:30.203+0000][3.145s] GC(5) User=0.03s Sys=0.00s Real=0.00s
[2023-01-02T13:51:30.203+0000][3.146s] GC(5) Concurrent Rebuild Remembered Sets
[2023-01-02T13:51:30.209+0000][3.151s] GC(5) Concurrent Rebuild Remembered Sets 5.439ms
[2023-01-02T13:51:30.209+0000][3.152s] GC(5) Pause Cleanup
[2023-01-02T13:51:30.209+0000][3.152s] GC(5) Pause Cleanup 32M->32M(512M) 0.286ms
[2023-01-02T13:51:30.209+0000][3.152s] GC(5) User=0.00s Sys=0.00s Real=0.00s
[2023-01-02T13:51:30.210+0000][3.152s] GC(5) Concurrent Cleanup for Next Mark
[2023-01-02T13:51:30.211+0000][3.153s] GC(5) Concurrent Cleanup for Next Mark 1.049ms
[2023-01-02T13:51:30.211+0000][3.153s] GC(5) Concurrent Cycle 22.540ms
[2023-01-02T13:51:31.099+0000][4.041s] GC(6) Pause Young (Normal) (G1 Evacuation Pause)
[2023-01-02T13:51:31.099+0000][4.041s] GC(6) Using 10 workers of 10 for evacuation
[2023-01-02T13:51:31.105+0000][4.048s] GC(6)   Pre Evacuate Collection Set: 0.0ms
[2023-01-02T13:51:31.105+0000][4.048s] GC(6)   Evacuate Collection Set: 5.2ms
[2023-01-02T13:51:31.106+0000][4.048s] GC(6)   Post Evacuate Collection Set: 1.0ms
[2023-01-02T13:51:31.106+0000][4.048s] GC(6)   Other: 0.4ms
[2023-01-02T13:51:31.106+0000][4.048s] GC(6) Eden regions: 137->0(294)
[2023-01-02T13:51:31.106+0000][4.048s] GC(6) Survivor regions: 8->13(19)
[2023-01-02T13:51:31.106+0000][4.048s] GC(6) Old regions: 21->21
[2023-01-02T13:51:31.106+0000][4.048s] GC(6) Humongous regions: 4->4
[2023-01-02T13:51:31.106+0000][4.048s] GC(6) Metaspace: 42282K(43724K)->42282K(43724K) NonClass: 37189K(38092K)->37189K(38092K) Class: 5092K(5632K)->5092K(5632K)
[2023-01-02T13:51:31.106+0000][4.048s] GC(6) Pause Young (Normal) (G1 Evacuation Pause) 167M->35M(512M) 6.747ms
[2023-01-02T13:51:31.106+0000][4.048s] GC(6) User=0.05s Sys=0.00s Real=0.00s
[2023-01-02T13:52:49.459+0000][82.402s] Heap
[2023-01-02T13:52:49.459+0000][82.402s]  garbage-first heap   total 524288K, used 121729K [0x00000000e0000000, 0x0000000100000000)
[2023-01-02T13:52:49.459+0000][82.402s]   region size 1024K, 98 young (100352K), 13 survivors (13312K)
[2023-01-02T13:52:49.459+0000][82.402s]  Metaspace       used 48274K, capacity 49552K, committed 49868K, reserved 1093632K
[2023-01-02T13:52:49.459+0000][82.402s]   class space    used 5853K, capacity 6375K, committed 6400K, reserved 1048576K
