[2023-01-02T14:03:26.520+0000][0.005s] Heap region size: 1M
[2023-01-02T14:03:26.748+0000][0.233s] Using G1
[2023-01-02T14:03:26.749+0000][0.233s] Heap address: 0x00000000e0000000, size: 512 MB, Compressed Oops mode: 32-bit
[2023-01-02T14:03:26.749+0000][0.234s] Mark closed archive regions in map: [0x00000000ffe00000, 0x00000000ffe65ff8]
[2023-01-02T14:03:26.749+0000][0.234s] Mark open archive regions in map: [0x00000000ffc00000, 0x00000000ffc41ff8]
[2023-01-02T14:03:27.355+0000][0.840s] GC(0) Pause Young (Normal) (G1 Evacuation Pause)
[2023-01-02T14:03:27.357+0000][0.842s] GC(0) Using 10 workers of 10 for evacuation
[2023-01-02T14:03:27.364+0000][0.848s] GC(0)   Pre Evacuate Collection Set: 0.0ms
[2023-01-02T14:03:27.364+0000][0.848s] GC(0)   Evacuate Collection Set: 5.2ms
[2023-01-02T14:03:27.364+0000][0.849s] GC(0)   Post Evacuate Collection Set: 1.1ms
[2023-01-02T14:03:27.364+0000][0.849s] GC(0)   Other: 2.0ms
[2023-01-02T14:03:27.364+0000][0.849s] GC(0) Eden regions: 30->0(303)
[2023-01-02T14:03:27.364+0000][0.849s] GC(0) Survivor regions: 0->4(4)
[2023-01-02T14:03:27.364+0000][0.849s] GC(0) Old regions: 2->2
[2023-01-02T14:03:27.364+0000][0.849s] GC(0) Humongous regions: 0->0
[2023-01-02T14:03:27.364+0000][0.849s] GC(0) Metaspace: 9103K(9856K)->9103K(9856K) NonClass: 7970K(8448K)->7970K(8448K) Class: 1132K(1408K)->1132K(1408K)
[2023-01-02T14:03:27.364+0000][0.849s] GC(0) Pause Young (Normal) (G1 Evacuation Pause) 30M->4M(512M) 8.444ms
[2023-01-02T14:03:27.364+0000][0.849s] GC(0) User=0.05s Sys=0.01s Real=0.01s
[2023-01-02T14:03:28.331+0000][1.816s] GC(1) Pause Young (Concurrent Start) (Metadata GC Threshold)
[2023-01-02T14:03:28.331+0000][1.816s] GC(1) Using 10 workers of 10 for evacuation
[2023-01-02T14:03:28.343+0000][1.828s] GC(1)   Pre Evacuate Collection Set: 0.1ms
[2023-01-02T14:03:28.343+0000][1.828s] GC(1)   Evacuate Collection Set: 10.3ms
[2023-01-02T14:03:28.343+0000][1.828s] GC(1)   Post Evacuate Collection Set: 1.2ms
[2023-01-02T14:03:28.343+0000][1.828s] GC(1)   Other: 0.3ms
[2023-01-02T14:03:28.343+0000][1.828s] GC(1) Eden regions: 86->0(80)
[2023-01-02T14:03:28.343+0000][1.828s] GC(1) Survivor regions: 4->19(39)
[2023-01-02T14:03:28.343+0000][1.828s] GC(1) Old regions: 2->2
[2023-01-02T14:03:28.343+0000][1.828s] GC(1) Humongous regions: 4->4
[2023-01-02T14:03:28.343+0000][1.828s] GC(1) Metaspace: 20324K(21248K)->20324K(21248K) NonClass: 17909K(18432K)->17909K(18432K) Class: 2414K(2816K)->2414K(2816K)
[2023-01-02T14:03:28.343+0000][1.828s] GC(1) Pause Young (Concurrent Start) (Metadata GC Threshold) 93M->23M(512M) 12.015ms
[2023-01-02T14:03:28.343+0000][1.828s] GC(1) User=0.06s Sys=0.01s Real=0.01s
[2023-01-02T14:03:28.343+0000][1.828s] GC(2) Concurrent Cycle
[2023-01-02T14:03:28.343+0000][1.828s] GC(2) Concurrent Clear Claimed Marks
[2023-01-02T14:03:28.343+0000][1.828s] GC(2) Concurrent Clear Claimed Marks 0.084ms
[2023-01-02T14:03:28.343+0000][1.828s] GC(2) Concurrent Scan Root Regions
[2023-01-02T14:03:28.346+0000][1.831s] GC(2) Concurrent Scan Root Regions 2.689ms
[2023-01-02T14:03:28.346+0000][1.831s] GC(2) Concurrent Mark (1.831s)
[2023-01-02T14:03:28.346+0000][1.831s] GC(2) Concurrent Mark From Roots
[2023-01-02T14:03:28.346+0000][1.831s] GC(2) Using 3 workers of 3 for marking
[2023-01-02T14:03:28.358+0000][1.843s] GC(2) Concurrent Mark From Roots 11.821ms
[2023-01-02T14:03:28.358+0000][1.843s] GC(2) Concurrent Preclean
[2023-01-02T14:03:28.358+0000][1.843s] GC(2) Concurrent Preclean 0.105ms
[2023-01-02T14:03:28.358+0000][1.843s] GC(2) Concurrent Mark (1.831s, 1.843s) 12.072ms
[2023-01-02T14:03:28.359+0000][1.844s] GC(2) Pause Remark
[2023-01-02T14:03:28.360+0000][1.845s] GC(2) Cleaned string and symbol table, strings: 8846 processed, 0 removed, symbols: 60075 processed, 40 removed
[2023-01-02T14:03:28.361+0000][1.846s] GC(2) Pause Remark 24M->24M(512M) 2.263ms
[2023-01-02T14:03:28.361+0000][1.846s] GC(2) User=0.01s Sys=0.00s Real=0.00s
[2023-01-02T14:03:28.361+0000][1.846s] GC(2) Concurrent Rebuild Remembered Sets
[2023-01-02T14:03:28.362+0000][1.847s] GC(2) Concurrent Rebuild Remembered Sets 1.226ms
[2023-01-02T14:03:28.363+0000][1.847s] GC(2) Pause Cleanup
[2023-01-02T14:03:28.363+0000][1.848s] GC(2) Pause Cleanup 24M->24M(512M) 0.249ms
[2023-01-02T14:03:28.363+0000][1.848s] GC(2) User=0.00s Sys=0.00s Real=0.00s
[2023-01-02T14:03:28.363+0000][1.848s] GC(2) Concurrent Cleanup for Next Mark
[2023-01-02T14:03:28.364+0000][1.849s] GC(2) Concurrent Cleanup for Next Mark 0.874ms
[2023-01-02T14:03:28.364+0000][1.849s] GC(2) Concurrent Cycle 20.870ms
[2023-01-02T14:03:29.294+0000][2.779s] GC(3) Pause Young (Normal) (G1 Evacuation Pause)
[2023-01-02T14:03:29.294+0000][2.779s] GC(3) Using 10 workers of 10 for evacuation
[2023-01-02T14:03:29.304+0000][2.789s] GC(3)   Pre Evacuate Collection Set: 0.1ms
[2023-01-02T14:03:29.304+0000][2.789s] GC(3)   Evacuate Collection Set: 8.3ms
[2023-01-02T14:03:29.304+0000][2.789s] GC(3)   Post Evacuate Collection Set: 1.0ms
[2023-01-02T14:03:29.304+0000][2.789s] GC(3)   Other: 0.2ms
[2023-01-02T14:03:29.304+0000][2.789s] GC(3) Eden regions: 74->0(105)
[2023-01-02T14:03:29.304+0000][2.789s] GC(3) Survivor regions: 19->5(12)
[2023-01-02T14:03:29.304+0000][2.789s] GC(3) Old regions: 2->21
[2023-01-02T14:03:29.304+0000][2.789s] GC(3) Humongous regions: 4->4
[2023-01-02T14:03:29.304+0000][2.789s] GC(3) Metaspace: 29441K(30592K)->29441K(30592K) NonClass: 25921K(26624K)->25921K(26624K) Class: 3520K(3968K)->3520K(3968K)
[2023-01-02T14:03:29.304+0000][2.789s] GC(3) Pause Young (Normal) (G1 Evacuation Pause) 97M->27M(512M) 9.632ms
[2023-01-02T14:03:29.304+0000][2.789s] GC(3) User=0.08s Sys=0.00s Real=0.01s
[2023-01-02T14:03:29.707+0000][3.192s] GC(4) Pause Young (Concurrent Start) (Metadata GC Threshold)
[2023-01-02T14:03:29.707+0000][3.192s] GC(4) Using 10 workers of 10 for evacuation
[2023-01-02T14:03:29.713+0000][3.198s] GC(4)   Pre Evacuate Collection Set: 0.1ms
[2023-01-02T14:03:29.713+0000][3.198s] GC(4)   Evacuate Collection Set: 4.2ms
[2023-01-02T14:03:29.713+0000][3.198s] GC(4)   Post Evacuate Collection Set: 1.1ms
[2023-01-02T14:03:29.713+0000][3.198s] GC(4)   Other: 0.4ms
[2023-01-02T14:03:29.713+0000][3.198s] GC(4) Eden regions: 59->0(130)
[2023-01-02T14:03:29.713+0000][3.198s] GC(4) Survivor regions: 5->8(14)
[2023-01-02T14:03:29.713+0000][3.198s] GC(4) Old regions: 21->21
[2023-01-02T14:03:29.713+0000][3.198s] GC(4) Humongous regions: 5->4
[2023-01-02T14:03:29.713+0000][3.198s] GC(4) Metaspace: 34674K(35840K)->34674K(35840K) NonClass: 30466K(31232K)->30466K(31232K) Class: 4208K(4608K)->4208K(4608K)
[2023-01-02T14:03:29.713+0000][3.198s] GC(4) Pause Young (Concurrent Start) (Metadata GC Threshold) 87M->30M(512M) 5.853ms
[2023-01-02T14:03:29.713+0000][3.198s] GC(4) User=0.03s Sys=0.00s Real=0.00s
[2023-01-02T14:03:29.713+0000][3.198s] GC(5) Concurrent Cycle
[2023-01-02T14:03:29.713+0000][3.198s] GC(5) Concurrent Clear Claimed Marks
[2023-01-02T14:03:29.713+0000][3.198s] GC(5) Concurrent Clear Claimed Marks 0.115ms
[2023-01-02T14:03:29.713+0000][3.198s] GC(5) Concurrent Scan Root Regions
[2023-01-02T14:03:29.715+0000][3.200s] GC(5) Concurrent Scan Root Regions 1.289ms
[2023-01-02T14:03:29.715+0000][3.200s] GC(5) Concurrent Mark (3.200s)
[2023-01-02T14:03:29.715+0000][3.200s] GC(5) Concurrent Mark From Roots
[2023-01-02T14:03:29.715+0000][3.200s] GC(5) Using 3 workers of 3 for marking
[2023-01-02T14:03:29.724+0000][3.209s] GC(5) Concurrent Mark From Roots 9.460ms
[2023-01-02T14:03:29.724+0000][3.209s] GC(5) Concurrent Preclean
[2023-01-02T14:03:29.724+0000][3.209s] GC(5) Concurrent Preclean 0.141ms
[2023-01-02T14:03:29.724+0000][3.209s] GC(5) Concurrent Mark (3.200s, 3.209s) 9.732ms
[2023-01-02T14:03:29.725+0000][3.210s] GC(5) Pause Remark
[2023-01-02T14:03:29.728+0000][3.213s] GC(5) Cleaned string and symbol table, strings: 15296 processed, 27 removed, symbols: 102959 processed, 72 removed
[2023-01-02T14:03:29.729+0000][3.214s] GC(5) Pause Remark 31M->31M(512M) 3.914ms
[2023-01-02T14:03:29.729+0000][3.214s] GC(5) User=0.04s Sys=0.00s Real=0.01s
[2023-01-02T14:03:29.729+0000][3.214s] GC(5) Concurrent Rebuild Remembered Sets
[2023-01-02T14:03:29.734+0000][3.219s] GC(5) Concurrent Rebuild Remembered Sets 5.285ms
[2023-01-02T14:03:29.735+0000][3.220s] GC(5) Pause Cleanup
[2023-01-02T14:03:29.735+0000][3.220s] GC(5) Pause Cleanup 32M->32M(512M) 0.315ms
[2023-01-02T14:03:29.735+0000][3.220s] GC(5) User=0.01s Sys=0.00s Real=0.00s
[2023-01-02T14:03:29.735+0000][3.220s] GC(5) Concurrent Cleanup for Next Mark
[2023-01-02T14:03:29.736+0000][3.221s] GC(5) Concurrent Cleanup for Next Mark 0.973ms
[2023-01-02T14:03:29.736+0000][3.221s] GC(5) Concurrent Cycle 23.114ms
[2023-01-02T14:03:30.549+0000][4.034s] GC(6) Pause Young (Normal) (G1 Evacuation Pause)
[2023-01-02T14:03:30.549+0000][4.034s] GC(6) Using 10 workers of 10 for evacuation
[2023-01-02T14:03:30.554+0000][4.039s] GC(6)   Pre Evacuate Collection Set: 0.0ms
[2023-01-02T14:03:30.554+0000][4.039s] GC(6)   Evacuate Collection Set: 4.4ms
[2023-01-02T14:03:30.554+0000][4.039s] GC(6)   Post Evacuate Collection Set: 1.2ms
[2023-01-02T14:03:30.554+0000][4.039s] GC(6)   Other: 0.2ms
[2023-01-02T14:03:30.554+0000][4.039s] GC(6) Eden regions: 136->0(294)
[2023-01-02T14:03:30.554+0000][4.039s] GC(6) Survivor regions: 8->13(18)
[2023-01-02T14:03:30.554+0000][4.039s] GC(6) Old regions: 21->21
[2023-01-02T14:03:30.554+0000][4.039s] GC(6) Humongous regions: 4->4
[2023-01-02T14:03:30.554+0000][4.039s] GC(6) Metaspace: 42194K(43520K)->42194K(43520K) NonClass: 37110K(37888K)->37110K(37888K) Class: 5083K(5632K)->5083K(5632K)
[2023-01-02T14:03:30.554+0000][4.039s] GC(6) Pause Young (Normal) (G1 Evacuation Pause) 166M->35M(512M) 5.920ms
[2023-01-02T14:03:30.555+0000][4.039s] GC(6) User=0.05s Sys=0.00s Real=0.00s
[2023-01-02T14:06:41.338+0000][194.823s] Heap
[2023-01-02T14:06:41.338+0000][194.823s]  garbage-first heap   total 524288K, used 215558K [0x00000000e0000000, 0x0000000100000000)
[2023-01-02T14:06:41.338+0000][194.823s]   region size 1024K, 190 young (194560K), 13 survivors (13312K)
[2023-01-02T14:06:41.338+0000][194.823s]  Metaspace       used 56720K, capacity 58168K, committed 58368K, reserved 1099776K
[2023-01-02T14:06:41.338+0000][194.823s]   class space    used 6828K, capacity 7402K, committed 7424K, reserved 1048576K
